Archive member included to satisfy reference by file (symbol)

c:/siliconlabs/simplicitystudio/v5/developer/toolchains/gnu_arm/10.2_2020q4/bin/../lib/gcc/arm-none-eabi/10.2.1/../../../../arm-none-eabi/lib/thumb/v7e-m+fp/softfp\libc_nano.a(lib_a-exit.o)
                              c:/siliconlabs/simplicitystudio/v5/developer/toolchains/gnu_arm/10.2_2020q4/bin/../lib/gcc/arm-none-eabi/10.2.1/../../../../arm-none-eabi/lib/thumb/v7e-m+fp/softfp/crt0.o (exit)
c:/siliconlabs/simplicitystudio/v5/developer/toolchains/gnu_arm/10.2_2020q4/bin/../lib/gcc/arm-none-eabi/10.2.1/../../../../arm-none-eabi/lib/thumb/v7e-m+fp/softfp\libc_nano.a(lib_a-impure.o)
                              c:/siliconlabs/simplicitystudio/v5/developer/toolchains/gnu_arm/10.2_2020q4/bin/../lib/gcc/arm-none-eabi/10.2.1/../../../../arm-none-eabi/lib/thumb/v7e-m+fp/softfp\libc_nano.a(lib_a-exit.o) (_global_impure_ptr)
c:/siliconlabs/simplicitystudio/v5/developer/toolchains/gnu_arm/10.2_2020q4/bin/../lib/gcc/arm-none-eabi/10.2.1/../../../../arm-none-eabi/lib/thumb/v7e-m+fp/softfp\libc_nano.a(lib_a-init.o)
                              c:/siliconlabs/simplicitystudio/v5/developer/toolchains/gnu_arm/10.2_2020q4/bin/../lib/gcc/arm-none-eabi/10.2.1/../../../../arm-none-eabi/lib/thumb/v7e-m+fp/softfp/crt0.o (__libc_init_array)
c:/siliconlabs/simplicitystudio/v5/developer/toolchains/gnu_arm/10.2_2020q4/bin/../lib/gcc/arm-none-eabi/10.2.1/../../../../arm-none-eabi/lib/thumb/v7e-m+fp/softfp\libc_nano.a(lib_a-memcpy-stub.o)
                              ./qspi_driver.o (memcpy)
c:/siliconlabs/simplicitystudio/v5/developer/toolchains/gnu_arm/10.2_2020q4/bin/../lib/gcc/arm-none-eabi/10.2.1/../../../../arm-none-eabi/lib/thumb/v7e-m+fp/softfp\libc_nano.a(lib_a-memset.o)
                              c:/siliconlabs/simplicitystudio/v5/developer/toolchains/gnu_arm/10.2_2020q4/bin/../lib/gcc/arm-none-eabi/10.2.1/../../../../arm-none-eabi/lib/thumb/v7e-m+fp/softfp/crt0.o (memset)
c:/siliconlabs/simplicitystudio/v5/developer/toolchains/gnu_arm/10.2_2020q4/bin/../lib/gcc/arm-none-eabi/10.2.1/../../../../arm-none-eabi/lib/thumb/v7e-m+fp/softfp\libc_nano.a(lib_a-printf.o)
                              ./qspi_driver.o (printf)
c:/siliconlabs/simplicitystudio/v5/developer/toolchains/gnu_arm/10.2_2020q4/bin/../lib/gcc/arm-none-eabi/10.2.1/../../../../arm-none-eabi/lib/thumb/v7e-m+fp/softfp\libc_nano.a(lib_a-findfp.o)
                              c:/siliconlabs/simplicitystudio/v5/developer/toolchains/gnu_arm/10.2_2020q4/bin/../lib/gcc/arm-none-eabi/10.2.1/../../../../arm-none-eabi/lib/thumb/v7e-m+fp/softfp\libc_nano.a(lib_a-printf.o) (__sinit)
c:/siliconlabs/simplicitystudio/v5/developer/toolchains/gnu_arm/10.2_2020q4/bin/../lib/gcc/arm-none-eabi/10.2.1/../../../../arm-none-eabi/lib/thumb/v7e-m+fp/softfp\libc_nano.a(lib_a-fwalk.o)
                              c:/siliconlabs/simplicitystudio/v5/developer/toolchains/gnu_arm/10.2_2020q4/bin/../lib/gcc/arm-none-eabi/10.2.1/../../../../arm-none-eabi/lib/thumb/v7e-m+fp/softfp\libc_nano.a(lib_a-findfp.o) (_fwalk)
c:/siliconlabs/simplicitystudio/v5/developer/toolchains/gnu_arm/10.2_2020q4/bin/../lib/gcc/arm-none-eabi/10.2.1/../../../../arm-none-eabi/lib/thumb/v7e-m+fp/softfp\libc_nano.a(lib_a-lock.o)
                              c:/siliconlabs/simplicitystudio/v5/developer/toolchains/gnu_arm/10.2_2020q4/bin/../lib/gcc/arm-none-eabi/10.2.1/../../../../arm-none-eabi/lib/thumb/v7e-m+fp/softfp\libc_nano.a(lib_a-findfp.o) (__retarget_lock_init_recursive)
c:/siliconlabs/simplicitystudio/v5/developer/toolchains/gnu_arm/10.2_2020q4/bin/../lib/gcc/arm-none-eabi/10.2.1/../../../../arm-none-eabi/lib/thumb/v7e-m+fp/softfp\libc_nano.a(lib_a-nano-mallocr.o)
                              c:/siliconlabs/simplicitystudio/v5/developer/toolchains/gnu_arm/10.2_2020q4/bin/../lib/gcc/arm-none-eabi/10.2.1/../../../../arm-none-eabi/lib/thumb/v7e-m+fp/softfp\libc_nano.a(lib_a-findfp.o) (_malloc_r)
c:/siliconlabs/simplicitystudio/v5/developer/toolchains/gnu_arm/10.2_2020q4/bin/../lib/gcc/arm-none-eabi/10.2.1/../../../../arm-none-eabi/lib/thumb/v7e-m+fp/softfp\libc_nano.a(lib_a-nano-vfprintf.o)
                              c:/siliconlabs/simplicitystudio/v5/developer/toolchains/gnu_arm/10.2_2020q4/bin/../lib/gcc/arm-none-eabi/10.2.1/../../../../arm-none-eabi/lib/thumb/v7e-m+fp/softfp\libc_nano.a(lib_a-printf.o) (_vfprintf_r)
c:/siliconlabs/simplicitystudio/v5/developer/toolchains/gnu_arm/10.2_2020q4/bin/../lib/gcc/arm-none-eabi/10.2.1/../../../../arm-none-eabi/lib/thumb/v7e-m+fp/softfp\libc_nano.a(lib_a-nano-vfprintf_i.o)
                              c:/siliconlabs/simplicitystudio/v5/developer/toolchains/gnu_arm/10.2_2020q4/bin/../lib/gcc/arm-none-eabi/10.2.1/../../../../arm-none-eabi/lib/thumb/v7e-m+fp/softfp\libc_nano.a(lib_a-nano-vfprintf.o) (_printf_i)
c:/siliconlabs/simplicitystudio/v5/developer/toolchains/gnu_arm/10.2_2020q4/bin/../lib/gcc/arm-none-eabi/10.2.1/../../../../arm-none-eabi/lib/thumb/v7e-m+fp/softfp\libc_nano.a(lib_a-sbrkr.o)
[...]
Memory Configuration

Name             Origin             Length             Attributes
FLASH            0x00000000         0x00200000         xr
RAM              0x20000000         0x00080000         xrw
*default*        0x00000000         0xffffffff

Linker script and memory map

LOAD c:/siliconlabs/simplicitystudio/v5/developer/toolchains/gnu_arm/10.2_2020q4/bin/../lib/gcc/arm-none-eabi/10.2.1/thumb/v7e-m+fp/softfp/crti.o
LOAD c:/siliconlabs/simplicitystudio/v5/developer/toolchains/gnu_arm/10.2_2020q4/bin/../lib/gcc/arm-none-eabi/10.2.1/thumb/v7e-m+fp/softfp/crtbegin.o
LOAD c:/siliconlabs/simplicitystudio/v5/developer/toolchains/gnu_arm/10.2_2020q4/bin/../lib/gcc/arm-none-eabi/10.2.1/../../../../arm-none-eabi/lib/thumb/v7e-m+fp/softfp/crt0.o
START GROUP
LOAD ./app.o
LOAD ./delay.o
LOAD ./main.o
LOAD ./qspi_driver.o
LOAD ./autogen/sl_board_default_init.o
LOAD ./autogen/sl_device_init_clocks.o
LOAD ./autogen/sl_event_handler.o
LOAD ./gecko_sdk_3.2.3/hardware/board/src/sl_board_control_gpio.o
LOAD ./gecko_sdk_3.2.3/hardware/board/src/sl_board_init.o
LOAD ./gecko_sdk_3.2.3/platform/Device/SiliconLabs/EFM32GG11B/Source/GCC/startup_efm32gg11b.o
LOAD ./gecko_sdk_3.2.3/platform/Device/SiliconLabs/EFM32GG11B/Source/system_efm32gg11b.o
LOAD ./gecko_sdk_3.2.3/platform/common/toolchain/src/sl_memory.o
LOAD ./gecko_sdk_3.2.3/platform/emlib/src/em_adc.o
LOAD ./gecko_sdk_3.2.3/platform/emlib/src/em_assert.o
LOAD ./gecko_sdk_3.2.3/platform/emlib/src/em_cmu.o
LOAD ./gecko_sdk_3.2.3/platform/emlib/src/em_core.o
LOAD ./gecko_sdk_3.2.3/platform/emlib/src/em_emu.o
LOAD ./gecko_sdk_3.2.3/platform/emlib/src/em_gpio.o
LOAD ./gecko_sdk_3.2.3/platform/emlib/src/em_ldma.o
LOAD ./gecko_sdk_3.2.3/platform/emlib/src/em_prs.o
LOAD ./gecko_sdk_3.2.3/platform/emlib/src/em_qspi.o
LOAD ./gecko_sdk_3.2.3/platform/emlib/src/em_system.o
LOAD ./gecko_sdk_3.2.3/platform/emlib/src/em_timer.o
LOAD ./gecko_sdk_3.2.3/platform/emlib/src/em_vdac.o
LOAD ./gecko_sdk_3.2.3/platform/service/device_init/src/sl_device_init_dcdc_s1.o
LOAD ./gecko_sdk_3.2.3/platform/service/device_init/src/sl_device_init_emu_s1.o
LOAD ./gecko_sdk_3.2.3/platform/service/device_init/src/sl_device_init_hfxo_s1.o
LOAD ./gecko_sdk_3.2.3/platform/service/device_init/src/sl_device_init_lfxo_s1.o
LOAD ./gecko_sdk_3.2.3/platform/service/device_init/src/sl_device_init_nvic.o
LOAD ./gecko_sdk_3.2.3/platform/service/system/src/sl_system_init.o
LOAD ./gecko_sdk_3.2.3/platform/service/system/src/sl_system_process_action.o
LOAD c:/siliconlabs/simplicitystudio/v5/developer/toolchains/gnu_arm/10.2_2020q4/bin/../lib/gcc/arm-none-eabi/10.2.1/thumb/v7e-m+fp/softfp\libgcc.a
LOAD c:/siliconlabs/simplicitystudio/v5/developer/toolchains/gnu_arm/10.2_2020q4/bin/../lib/gcc/arm-none-eabi/10.2.1/../../../../arm-none-eabi/lib/thumb/v7e-m+fp/softfp\libc_nano.a
LOAD c:/siliconlabs/simplicitystudio/v5/developer/toolchains/gnu_arm/10.2_2020q4/bin/../lib/gcc/arm-none-eabi/10.2.1/../../../../arm-none-eabi/lib/thumb/v7e-m+fp/softfp\libm.a
LOAD c:/siliconlabs/simplicitystudio/v5/developer/toolchains/gnu_arm/10.2_2020q4/bin/../lib/gcc/arm-none-eabi/10.2.1/../../../../arm-none-eabi/lib/thumb/v7e-m+fp/softfp\libnosys.a
END GROUP
START GROUP
LOAD c:/siliconlabs/simplicitystudio/v5/developer/toolchains/gnu_arm/10.2_2020q4/bin/../lib/gcc/arm-none-eabi/10.2.1/thumb/v7e-m+fp/softfp\libgcc.a
LOAD c:/siliconlabs/simplicitystudio/v5/developer/toolchains/gnu_arm/10.2_2020q4/bin/../lib/gcc/arm-none-eabi/10.2.1/../../../../arm-none-eabi/lib/thumb/v7e-m+fp/softfp\libc_nano.a
LOAD c:/siliconlabs/simplicitystudio/v5/developer/toolchains/gnu_arm/10.2_2020q4/bin/../lib/gcc/arm-none-eabi/10.2.1/../../../../arm-none-eabi/lib/thumb/v7e-m+fp/softfp\libnosys.a
END GROUP
START GROUP
LOAD c:/siliconlabs/simplicitystudio/v5/developer/toolchains/gnu_arm/10.2_2020q4/bin/../lib/gcc/arm-none-eabi/10.2.1/thumb/v7e-m+fp/softfp\libgcc.a
LOAD c:/siliconlabs/simplicitystudio/v5/developer/toolchains/gnu_arm/10.2_2020q4/bin/../lib/gcc/arm-none-eabi/10.2.1/../../../../arm-none-eabi/lib/thumb/v7e-m+fp/softfp\libg_nano.a
LOAD c:/siliconlabs/simplicitystudio/v5/developer/toolchains/gnu_arm/10.2_2020q4/bin/../lib/gcc/arm-none-eabi/10.2.1/../../../../arm-none-eabi/lib/thumb/v7e-m+fp/softfp\libc_nano.a
END GROUP
START GROUP
LOAD c:/siliconlabs/simplicitystudio/v5/developer/toolchains/gnu_arm/10.2_2020q4/bin/../lib/gcc/arm-none-eabi/10.2.1/thumb/v7e-m+fp/softfp\libgcc.a
LOAD c:/siliconlabs/simplicitystudio/v5/developer/toolchains/gnu_arm/10.2_2020q4/bin/../lib/gcc/arm-none-eabi/10.2.1/../../../../arm-none-eabi/lib/thumb/v7e-m+fp/softfp\libc_nano.a
END GROUP
LOAD c:/siliconlabs/simplicitystudio/v5/developer/toolchains/gnu_arm/10.2_2020q4/bin/../lib/gcc/arm-none-eabi/10.2.1/thumb/v7e-m+fp/softfp/crtend.o
LOAD c:/siliconlabs/simplicitystudio/v5/developer/toolchains/gnu_arm/10.2_2020q4/bin/../lib/gcc/arm-none-eabi/10.2.1/thumb/v7e-m+fp/softfp/crtn.o

.text           0x00000000     0x7218
                0x00000000                linker_vectors_begin = .
 *(.vectors)
 .vectors       0x00000000      0x150 ./gecko_sdk_3.2.3/platform/Device/SiliconLabs/EFM32GG11B/Source/GCC/startup_efm32gg11b.o
                0x00000000                __Vectors
                0x00000150                linker_vectors_end = .
                0x00000150                __Vectors_End = .
                0x00000150                __Vectors_Size = (__Vectors_End - __Vectors)
                0x00000150                linker_code_begin = .
 *(.text*)
 .text          0x00000150       0x40 c:/siliconlabs/simplicitystudio/v5/developer/toolchains/gnu_arm/10.2_2020q4/bin/../lib/gcc/arm-none-eabi/10.2.1/thumb/v7e-m+fp/softfp/crtbegin.o
 .text          0x00000190       0x7c c:/siliconlabs/simplicitystudio/v5/developer/toolchains/gnu_arm/10.2_2020q4/bin/../lib/gcc/arm-none-eabi/10.2.1/../../../../arm-none-eabi/lib/thumb/v7e-m+fp/softfp/crt0.o
                0x00000190                _stack_init
                0x00000198                _start
                0x00000198                _mainCRTStartup
 .text.__NVIC_EnableIRQ
                0x0000020c       0x34 ./app.o
 .text.__NVIC_SetPriority
                0x00000240       0x50 ./app.o
 .text.SysTick_Config
                0x00000290       0x40 ./app.o
 .text.TIMER_Valid
                0x000002d0       0x9c ./app.o
 .text.TIMER_Enable
                0x0000036c       0x44 ./app.o
 .text.TIMER_IntClear
                0x000003b0       0x12 ./app.o
 .text.TIMER_IntEnable
                0x000003c2       0x18 ./app.o
 .text.TIMER_IntGet
                0x000003da        0xe ./app.o
 .text.BUS_RegMaskedSet
                0x000003e8       0x1a ./app.o
 .text.BUS_RegMaskedClear
                0x00000402       0x1a ./app.o
 .text.GPIO_IntClear
                0x0000041c       0x18 ./app.o
 .text.GPIO_PinOutClear
                0x00000434       0xd4 ./app.o
 .text.GPIO_PinOutSet
                0x00000508       0xd4 ./app.o
 .text.LDMA_IntClear
                0x000005dc       0x14 ./app.o
 .text.LDMA_IRQHandler
                0x000005f0       0x5c ./app.o
                0x000005f0                LDMA_IRQHandler
 .text.GPIO_EVEN_IRQHandler
                0x0000064c       0x50 ./app.o
                0x0000064c                GPIO_EVEN_IRQHandler
 .text.TIMER1_IRQHandler
                0x0000069c       0x74 ./app.o
                0x0000069c                TIMER1_IRQHandler
 .text.initADC  0x00000710       0xc4 ./app.o
                0x00000710                initADC
 .text.initLdmaADC
                0x000007d4      0x16c ./app.o
                0x000007d4                initLdmaADC
 .text.initTimer
                0x00000940       0x74 ./app.o
                0x00000940                initTimer
 .text.initAudioOutput
                0x000009b4       0xa8 ./app.o
                0x000009b4                initAudioOutput
 .text.app_init
                0x00000a5c       0xc0 ./app.o
                0x00000a5c                app_init
 .text.app_process_action
                0x00000b1c        0x4 ./app.o
                0x00000b1c                app_process_action
 .text.SysTick_Handler
                0x00000b20       0x14 ./delay.o
                0x00000b20                SysTick_Handler
 .text.main     0x00000b34       0x14 ./main.o
                0x00000b34                main
 .text.__NVIC_EnableIRQ
                0x00000b48       0x34 ./qspi_driver.o
 .text.BUS_RegMaskedClear
                0x00000b7c       0x1a ./qspi_driver.o
 *fill*         0x00000b96        0x2 
 .text.GPIO_PinOutClear
                0x00000b98       0xd4 ./qspi_driver.o
 .text.QSPI_WaitForIdle
                0x00000c6c       0x16 ./qspi_driver.o
 .text.QSPI_IntGet
                0x00000c82        0xe ./qspi_driver.o
 .text.QSPI_IntClear
                0x00000c90       0x12 ./qspi_driver.o
 *fill*         0x00000ca2        0x2 
 .text.QSPI_IntEnable
                0x00000ca4       0x1c ./qspi_driver.o
 .text.QSPI0_IRQHandler
                0x00000cc0       0x28 ./qspi_driver.o
                0x00000cc0                QSPI0_IRQHandler
 .text.MX25_WREN
                0x00000ce8       0x30 ./qspi_driver.o
                0x00000ce8                MX25_WREN
 .text.MX25_RDSR
                0x00000d18       0x40 ./qspi_driver.o
                0x00000d18                MX25_RDSR
 .text.MX25_WriteEnable
                0x00000d58       0x2e ./qspi_driver.o
                0x00000d58                MX25_WriteEnable
 .text.MX25_WriteComplete
                0x00000d86       0x2a ./qspi_driver.o
                0x00000d86                MX25_WriteComplete
 .text.MX25_SectorErase
                0x00000db0       0x1c ./qspi_driver.o
                0x00000db0                MX25_SectorErase
 .text.MX25_SectorEraseByAddress
                0x00000dcc       0x44 ./qspi_driver.o
                0x00000dcc                MX25_SectorEraseByAddress
 .text.MX25_BlockErase
                0x00000e10       0x1c ./qspi_driver.o
                0x00000e10                MX25_BlockErase
 .text.MX25_BlockEraseByAddress
                0x00000e2c       0x44 ./qspi_driver.o
                0x00000e2c                MX25_BlockEraseByAddress
 .text.MX25_BlockEraseBulk
                0x00000e70       0x38 ./qspi_driver.o
                0x00000e70                MX25_BlockEraseBulk
 .text.setupQspi
                0x00000ea8      0x150 ./qspi_driver.o
                0x00000ea8                setupQspi
 .text.writeToFlashBlocking
                0x00000ff8       0x3c ./qspi_driver.o
                0x00000ff8                writeToFlashBlocking
 .text.writeToFlash
                0x00001034       0x78 ./qspi_driver.o
                0x00001034                writeToFlash
 .text.testFlash
                0x000010ac       0xd4 ./qspi_driver.o
                0x000010ac                testFlash
 .text.sl_board_default_init
                0x00001180        0x4 ./autogen/sl_board_default_init.o
                0x00001180                sl_board_default_init
 .text.sl_device_init_clocks
                0x00001184       0x4c ./autogen/sl_device_init_clocks.o
                0x00001184                sl_device_init_clocks
 .text.CHIP_Init
                0x000011d0       0x70 ./autogen/sl_event_handler.o
 .text.sl_platform_init
                0x00001240       0x2a ./autogen/sl_event_handler.o
                0x00001240                sl_platform_init
 .text.sl_driver_init
                0x0000126a        0x4 ./autogen/sl_event_handler.o
                0x0000126a                sl_driver_init
 .text.sl_service_init
                0x0000126e        0x4 ./autogen/sl_event_handler.o
                0x0000126e                sl_service_init
 .text.sl_stack_init
                0x00001272        0x4 ./autogen/sl_event_handler.o
                0x00001272                sl_stack_init
 .text.sl_internal_app_init
                0x00001276        0x4 ./autogen/sl_event_handler.o
                0x00001276                sl_internal_app_init
 .text.sl_platform_process_action
                0x0000127a        0x4 ./autogen/sl_event_handler.o
                0x0000127a                sl_platform_process_action
 .text.sl_service_process_action
                0x0000127e        0x4 ./autogen/sl_event_handler.o
                0x0000127e                sl_service_process_action
 .text.sl_stack_process_action
                0x00001282        0x4 ./autogen/sl_event_handler.o
                0x00001282                sl_stack_process_action
 .text.sl_internal_app_process_action
                0x00001286        0x4 ./autogen/sl_event_handler.o
                0x00001286                sl_internal_app_process_action
 *fill*         0x0000128a        0x2 
 .text.sl_board_init
                0x0000128c       0x18 ./gecko_sdk_3.2.3/hardware/board/src/sl_board_init.o
                0x0000128c                sl_board_init
 .text.sl_board_preinit
                0x000012a4       0x14 ./gecko_sdk_3.2.3/hardware/board/src/sl_board_init.o
                0x000012a4                sl_board_preinit
 .text.Reset_Handler
                0x000012b8       0x48 ./gecko_sdk_3.2.3/platform/Device/SiliconLabs/EFM32GG11B/Source/GCC/startup_efm32gg11b.o
                0x000012b8                Reset_Handler
 .text.Default_Handler
                0x00001300        0x2 ./gecko_sdk_3.2.3/platform/Device/SiliconLabs/EFM32GG11B/Source/GCC/startup_efm32gg11b.o
                0x00001300                TIMER2_IRQHandler
                0x00001300                TIMER5_IRQHandler
                0x00001300                DebugMon_Handler
                0x00001300                USART0_TX_IRQHandler
                0x00001300                USART5_RX_IRQHandler
                0x00001300                I2C0_IRQHandler
                0x00001300                HardFault_Handler
                0x00001300                LEUART1_IRQHandler
                0x00001300                SDIO_IRQHandler
                0x00001300                USART1_RX_IRQHandler
                0x00001300                PendSV_Handler
                0x00001300                NMI_Handler
                0x00001300                I2C1_IRQHandler
                0x00001300                CAN1_IRQHandler
                0x00001300                WTIMER0_IRQHandler
                0x00001300                WTIMER3_IRQHandler
                0x00001300                CRYPTO0_IRQHandler
                0x00001300                WDOG0_IRQHandler
                0x00001300                TIMER3_IRQHandler
                0x00001300                USART1_TX_IRQHandler
                0x00001300                USART4_RX_IRQHandler
                0x00001300                SMU_IRQHandler
                0x00001300                MSC_IRQHandler
                0x00001300                ADC0_IRQHandler
                0x00001300                UsageFault_Handler
                0x00001300                WDOG1_IRQHandler
                0x00001300                LEUART0_IRQHandler
                0x00001300                TIMER4_IRQHandler
                0x00001300                FPUEH_IRQHandler
                0x00001300                WTIMER1_IRQHandler
                0x00001300                UART0_TX_IRQHandler
                0x00001300                UART1_TX_IRQHandler
                0x00001300                VDAC0_IRQHandler
                0x00001300                TIMER6_IRQHandler
                0x00001300                CSEN_IRQHandler
                0x00001300                ADC1_IRQHandler
                0x00001300                I2C2_IRQHandler
                0x00001300                RTC_IRQHandler
                0x00001300                TIMER0_IRQHandler
                0x00001300                LCD_IRQHandler
                0x00001300                PCNT2_IRQHandler
                0x00001300                UART0_RX_IRQHandler
                0x00001300                WTIMER2_IRQHandler
                0x00001300                LETIMER0_IRQHandler
                0x00001300                TRNG0_IRQHandler
                0x00001300                USART2_RX_IRQHandler
                0x00001300                Default_Handler
                0x00001300                EMU_IRQHandler
                0x00001300                CRYOTIMER_IRQHandler
                0x00001300                PCNT0_IRQHandler
                0x00001300                USB_IRQHandler
                0x00001300                USART4_TX_IRQHandler
                0x00001300                PCNT1_IRQHandler
                0x00001300                ACMP0_IRQHandler
                0x00001300                USART0_RX_IRQHandler
                0x00001300                USART5_TX_IRQHandler
                0x00001300                MemManage_Handler
                0x00001300                SVC_Handler
                0x00001300                USART3_RX_IRQHandler
                0x00001300                RTCC_IRQHandler
                0x00001300                UART1_RX_IRQHandler
                0x00001300                ETH_IRQHandler
                0x00001300                CMU_IRQHandler
                0x00001300                EBI_IRQHandler
                0x00001300                CAN0_IRQHandler
                0x00001300                LESENSE_IRQHandler
                0x00001300                GPIO_ODD_IRQHandler
                0x00001300                USART3_TX_IRQHandler
                0x00001300                LETIMER1_IRQHandler
                0x00001300                ACMP2_IRQHandler
                0x00001300                BusFault_Handler
                0x00001300                USART2_TX_IRQHandler
                0x00001300                IDAC0_IRQHandler
 *fill*         0x00001302        0x2 
 .text.SystemCoreClockGet
                0x00001304       0x3c ./gecko_sdk_3.2.3/platform/Device/SiliconLabs/EFM32GG11B/Source/system_efm32gg11b.o
                0x00001304                SystemCoreClockGet
 .text.SystemMaxCoreClockGet
                0x00001340        0xc ./gecko_sdk_3.2.3/platform/Device/SiliconLabs/EFM32GG11B/Source/system_efm32gg11b.o
                0x00001340                SystemMaxCoreClockGet
 .text.SystemHFClockGet
                0x0000134c       0xe8 ./gecko_sdk_3.2.3/platform/Device/SiliconLabs/EFM32GG11B/Source/system_efm32gg11b.o
                0x0000134c                SystemHFClockGet
 .text.SystemHFXOClockGet
                0x00001434        0xc ./gecko_sdk_3.2.3/platform/Device/SiliconLabs/EFM32GG11B/Source/system_efm32gg11b.o
                0x00001434                SystemHFXOClockGet
 .text.SystemHFXOClockSet
                0x00001440       0x30 ./gecko_sdk_3.2.3/platform/Device/SiliconLabs/EFM32GG11B/Source/system_efm32gg11b.o
                0x00001440                SystemHFXOClockSet
 .text.SystemInit
                0x00001470       0x24 ./gecko_sdk_3.2.3/platform/Device/SiliconLabs/EFM32GG11B/Source/system_efm32gg11b.o
                0x00001470                SystemInit
 .text.SystemLFRCOClockGet
                0x00001494        0x8 ./gecko_sdk_3.2.3/platform/Device/SiliconLabs/EFM32GG11B/Source/system_efm32gg11b.o
                0x00001494                SystemLFRCOClockGet
 .text.SystemULFRCOClockGet
                0x0000149c        0x8 ./gecko_sdk_3.2.3/platform/Device/SiliconLabs/EFM32GG11B/Source/system_efm32gg11b.o
                0x0000149c                SystemULFRCOClockGet
 .text.SystemLFXOClockGet
                0x000014a4        0xc ./gecko_sdk_3.2.3/platform/Device/SiliconLabs/EFM32GG11B/Source/system_efm32gg11b.o
                0x000014a4                SystemLFXOClockGet
 .text.BUS_RegBitWrite
                0x000014b0       0x40 ./gecko_sdk_3.2.3/platform/emlib/src/em_adc.o
 .text.BUS_RegMaskedWrite
                0x000014f0       0x34 ./gecko_sdk_3.2.3/platform/emlib/src/em_adc.o
 .text.ADC_LoadDevinfoCal
                0x00001524      0x1ec ./gecko_sdk_3.2.3/platform/emlib/src/em_adc.o
 .text.ADC_Init
                0x00001710      0x174 ./gecko_sdk_3.2.3/platform/emlib/src/em_adc.o
                0x00001710                ADC_Init
 .text.ADC_InitSingle
                0x00001884      0x180 ./gecko_sdk_3.2.3/platform/emlib/src/em_adc.o
                0x00001884                ADC_InitSingle
 .text.ADC_PrescaleCalc
                0x00001a04       0x6c ./gecko_sdk_3.2.3/platform/emlib/src/em_adc.o
                0x00001a04                ADC_PrescaleCalc
 .text.ADC_TimebaseCalc
                0x00001a70       0x50 ./gecko_sdk_3.2.3/platform/emlib/src/em_adc.o
                0x00001a70                ADC_TimebaseCalc
 .text.assertEFM
                0x00001ac0        0x8 ./gecko_sdk_3.2.3/platform/emlib/src/em_assert.o
                0x00001ac0                assertEFM
 .text.SL_Log2ToDiv
                0x00001ac8       0x2c ./gecko_sdk_3.2.3/platform/emlib/src/em_cmu.o
 .text.BUS_RegBitWrite
                0x00001af4       0x40 ./gecko_sdk_3.2.3/platform/emlib/src/em_cmu.o
 .text.BUS_RegBitRead
                0x00001b34       0x24 ./gecko_sdk_3.2.3/platform/emlib/src/em_cmu.o
 .text.BUS_RegMaskedSet
                0x00001b58       0x1a ./gecko_sdk_3.2.3/platform/emlib/src/em_cmu.o
 .text.BUS_RegMaskedClear
                0x00001b72       0x1a ./gecko_sdk_3.2.3/platform/emlib/src/em_cmu.o
 .text.CMU_DivToLog2
                0x00001b8c       0x3c ./gecko_sdk_3.2.3/platform/emlib/src/em_cmu.o
 .text.CMU_PrescToLog2
                0x00001bc8       0x50 ./gecko_sdk_3.2.3/platform/emlib/src/em_cmu.o
 .text.EMU_LDOStatusGet
                0x00001c18       0x1c ./gecko_sdk_3.2.3/platform/emlib/src/em_cmu.o
 .text.EMU_VScaleWait
                0x00001c34       0x2c ./gecko_sdk_3.2.3/platform/emlib/src/em_cmu.o
 .text.EMU_VScaleGet
                0x00001c60       0x1c ./gecko_sdk_3.2.3/platform/emlib/src/em_cmu.o
 .text.setHfLeConfig
                0x00001c7c       0x64 ./gecko_sdk_3.2.3/platform/emlib/src/em_cmu.o
 .text.auxClkGet
                0x00001ce0       0x14 ./gecko_sdk_3.2.3/platform/emlib/src/em_cmu.o
 .text.hfSrcClkGet
                0x00001cf4       0x2c ./gecko_sdk_3.2.3/platform/emlib/src/em_cmu.o
 .text.dbgClkGet
                0x00001d20       0x50 ./gecko_sdk_3.2.3/platform/emlib/src/em_cmu.o
 .text.adcAsyncClkGet
                0x00001d70       0xb4 ./gecko_sdk_3.2.3/platform/emlib/src/em_cmu.o
 .text.sdioRefClkGet
                0x00001e24       0x88 ./gecko_sdk_3.2.3/platform/emlib/src/em_cmu.o
 .text.qspiRefClkGet
                0x00001eac       0xa0 ./gecko_sdk_3.2.3/platform/emlib/src/em_cmu.o
 .text.usbRateClkGet
                0x00001f4c       0xa8 ./gecko_sdk_3.2.3/platform/emlib/src/em_cmu.o
 .text.flashWaitStateControl
                0x00001ff4       0x98 ./gecko_sdk_3.2.3/platform/emlib/src/em_cmu.o
 .text.flashWaitStateMax
                0x0000208c       0x46 ./gecko_sdk_3.2.3/platform/emlib/src/em_cmu.o
 *fill*         0x000020d2        0x2 
 .text.setRamWaitState
                0x000020d4       0x48 ./gecko_sdk_3.2.3/platform/emlib/src/em_cmu.o
 .text.setBusWaitState
                0x0000211c       0x40 ./gecko_sdk_3.2.3/platform/emlib/src/em_cmu.o
 .text.CMU_UpdateWaitStates
                0x0000215c       0x54 ./gecko_sdk_3.2.3/platform/emlib/src/em_cmu.o
                0x0000215c                CMU_UpdateWaitStates
 .text.getHfxoTuningMode
                0x000021b0       0x14 ./gecko_sdk_3.2.3/platform/emlib/src/em_cmu.o
 .text.setHfxoTuningMode
                0x000021c4       0x20 ./gecko_sdk_3.2.3/platform/emlib/src/em_cmu.o
 .text.lfClkGet
                0x000021e4      0x15c ./gecko_sdk_3.2.3/platform/emlib/src/em_cmu.o
 .text.syncReg  0x00002340       0x30 ./gecko_sdk_3.2.3/platform/emlib/src/em_cmu.o
 .text.hfperClkSafePrescaler
                0x00002370       0x2c ./gecko_sdk_3.2.3/platform/emlib/src/em_cmu.o
 .text.hfperClkOptimizedPrescaler
                0x0000239c       0xc8 ./gecko_sdk_3.2.3/platform/emlib/src/em_cmu.o
 .text.CMU_ClockDivGet
                0x00002464       0x18 ./gecko_sdk_3.2.3/platform/emlib/src/em_cmu.o
                0x00002464                CMU_ClockDivGet
 .text.CMU_ClockEnable
                0x0000247c      0x170 ./gecko_sdk_3.2.3/platform/emlib/src/em_cmu.o
                0x0000247c                CMU_ClockEnable
 .text.CMU_ClockFreqGet
                0x000025ec      0x47c ./gecko_sdk_3.2.3/platform/emlib/src/em_cmu.o
                0x000025ec                CMU_ClockFreqGet
 .text.CMU_ClockPrescGet
                0x00002a68      0x314 ./gecko_sdk_3.2.3/platform/emlib/src/em_cmu.o
                0x00002a68                CMU_ClockPrescGet
 .text.CMU_ClockPrescSet
                0x00002d7c      0x5a0 ./gecko_sdk_3.2.3/platform/emlib/src/em_cmu.o
                0x00002d7c                CMU_ClockPrescSet
 .text.CMU_ClockSelectGet
                0x0000331c      0x3c0 ./gecko_sdk_3.2.3/platform/emlib/src/em_cmu.o
                0x0000331c                CMU_ClockSelectGet
 .text.CMU_ClockSelectSet
                0x000036dc      0x634 ./gecko_sdk_3.2.3/platform/emlib/src/em_cmu.o
                0x000036dc                CMU_ClockSelectSet
 .text.CMU_HFRCOBandGet
                0x00003d10        0xc ./gecko_sdk_3.2.3/platform/emlib/src/em_cmu.o
                0x00003d10                CMU_HFRCOBandGet
 .text.CMU_HFXOInit
                0x00003d1c       0xf0 ./gecko_sdk_3.2.3/platform/emlib/src/em_cmu.o
                0x00003d1c                CMU_HFXOInit
 .text.CMU_LFXOInit
                0x00003e0c       0x74 ./gecko_sdk_3.2.3/platform/emlib/src/em_cmu.o
                0x00003e0c                CMU_LFXOInit
 .text.CMU_LFXOPrecisionSet
                0x00003e80       0x1c ./gecko_sdk_3.2.3/platform/emlib/src/em_cmu.o
                0x00003e80                CMU_LFXOPrecisionSet
 .text.CMU_OscillatorEnable
                0x00003e9c      0x1e0 ./gecko_sdk_3.2.3/platform/emlib/src/em_cmu.o
                0x00003e9c                CMU_OscillatorEnable
 .text.CMU_OscillatorTuningGet
                0x0000407c       0x84 ./gecko_sdk_3.2.3/platform/emlib/src/em_cmu.o
                0x0000407c                CMU_OscillatorTuningGet
 .text.CMU_OscillatorTuningSet
                0x00004100      0x144 ./gecko_sdk_3.2.3/platform/emlib/src/em_cmu.o
                0x00004100                CMU_OscillatorTuningSet
 .text.CMU_OscillatorTuningWait
                0x00004244       0x80 ./gecko_sdk_3.2.3/platform/emlib/src/em_cmu.o
                0x00004244                CMU_OscillatorTuningWait
 .text.CORE_EnterCritical
                0x000042c4       0x18 ./gecko_sdk_3.2.3/platform/emlib/src/em_core.o
                0x000042c4                CORE_EnterCritical
 .text.CORE_ExitCritical
                0x000042dc       0x14 ./gecko_sdk_3.2.3/platform/emlib/src/em_core.o
                0x000042dc                CORE_ExitCritical
 .text.CORE_EnterAtomic
                0x000042f0       0x20 ./gecko_sdk_3.2.3/platform/emlib/src/em_core.o
                0x000042f0                CORE_EnterAtomic
 .text.CORE_ExitAtomic
                0x00004310       0x16 ./gecko_sdk_3.2.3/platform/emlib/src/em_core.o
                0x00004310                CORE_ExitAtomic
 *fill*         0x00004326        0x2 
 .text.BUS_RegBitWrite
                0x00004328       0x40 ./gecko_sdk_3.2.3/platform/emlib/src/em_emu.o
 .text.BUS_RegBitRead
                0x00004368       0x24 ./gecko_sdk_3.2.3/platform/emlib/src/em_emu.o
 .text.EMU_LDOStatusGet
                0x0000438c       0x1c ./gecko_sdk_3.2.3/platform/emlib/src/em_emu.o
 .text.EMU_VScaleWait
                0x000043a8       0x2c ./gecko_sdk_3.2.3/platform/emlib/src/em_emu.o
 .text.EMU_VScaleGet
                0x000043d4       0x1c ./gecko_sdk_3.2.3/platform/emlib/src/em_emu.o
 .text.EMU_IntClear
                0x000043f0       0x14 ./gecko_sdk_3.2.3/platform/emlib/src/em_emu.o
 .text.EMU_IntGet
                0x00004404        0xc ./gecko_sdk_3.2.3/platform/emlib/src/em_emu.o
 .text.EMU_PowerLock
                0x00004410       0x10 ./gecko_sdk_3.2.3/platform/emlib/src/em_emu.o
 .text.EMU_PowerUnlock
                0x00004420       0x10 ./gecko_sdk_3.2.3/platform/emlib/src/em_emu.o
 .text.vScaleEM01Cmd
                0x00004430       0x1c ./gecko_sdk_3.2.3/platform/emlib/src/em_emu.o
 .text.EMU_VScaleEM01ByClock
                0x0000444c       0x88 ./gecko_sdk_3.2.3/platform/emlib/src/em_emu.o
                0x0000444c                EMU_VScaleEM01ByClock
 .text.EMU_VScaleEM01
                0x000044d4       0xbc ./gecko_sdk_3.2.3/platform/emlib/src/em_emu.o
                0x000044d4                EMU_VScaleEM01
 .text.EMU_EM4Init
                0x00004590       0x80 ./gecko_sdk_3.2.3/platform/emlib/src/em_emu.o
                0x00004590                EMU_EM4Init
 .text.dcdcConstCalibrationLoad
                0x00004610        0x6 ./gecko_sdk_3.2.3/platform/emlib/src/em_emu.o
 *fill*         0x00004616        0x2 
 .text.dcdcValidatedConfigSet
                0x00004618       0x40 ./gecko_sdk_3.2.3/platform/emlib/src/em_emu.o
 .text.currentLimitersUpdate
                0x00004658      0x128 ./gecko_sdk_3.2.3/platform/emlib/src/em_emu.o
 .text.userCurrentLimitsSet
                0x00004780       0x28 ./gecko_sdk_3.2.3/platform/emlib/src/em_emu.o
 .text.compCtrlSet
                0x000047a8       0x4c ./gecko_sdk_3.2.3/platform/emlib/src/em_emu.o
 .text.lpCmpHystCalibrationLoad
                0x000047f4       0xf4 ./gecko_sdk_3.2.3/platform/emlib/src/em_emu.o
 .text.lpGetDevinfoVrefLowHigh
                0x000048e8      0x19c ./gecko_sdk_3.2.3/platform/emlib/src/em_emu.o
 .text.EMU_DCDCModeSet
                0x00004a84      0x11c ./gecko_sdk_3.2.3/platform/emlib/src/em_emu.o
                0x00004a84                EMU_DCDCModeSet
 .text.EMU_DCDCInit
                0x00004ba0      0x1a8 ./gecko_sdk_3.2.3/platform/emlib/src/em_emu.o
                0x00004ba0                EMU_DCDCInit
 .text.EMU_DCDCOutputVoltageSet
                0x00004d48      0x2dc ./gecko_sdk_3.2.3/platform/emlib/src/em_emu.o
                0x00004d48                EMU_DCDCOutputVoltageSet
 .text.EMU_DCDCOptimizeSlice
                0x00005024       0xe4 ./gecko_sdk_3.2.3/platform/emlib/src/em_emu.o
                0x00005024                EMU_DCDCOptimizeSlice
 .text.EMU_DCDCLnRcoBandSet
                0x00005108       0x68 ./gecko_sdk_3.2.3/platform/emlib/src/em_emu.o
                0x00005108                EMU_DCDCLnRcoBandSet
 .text.BUS_RegBitWrite
                0x00005170       0x40 ./gecko_sdk_3.2.3/platform/emlib/src/em_gpio.o
 .text.BUS_RegMaskedSet
                0x000051b0       0x1a ./gecko_sdk_3.2.3/platform/emlib/src/em_gpio.o
 .text.BUS_RegMaskedClear
                0x000051ca       0x1a ./gecko_sdk_3.2.3/platform/emlib/src/em_gpio.o
 .text.BUS_RegMaskedWrite
                0x000051e4       0x34 ./gecko_sdk_3.2.3/platform/emlib/src/em_gpio.o
 .text.GPIO_IntClear
                0x00005218       0x18 ./gecko_sdk_3.2.3/platform/emlib/src/em_gpio.o
 .text.GPIO_PinOutClear
                0x00005230       0xd4 ./gecko_sdk_3.2.3/platform/emlib/src/em_gpio.o
 .text.GPIO_PinOutSet
                0x00005304       0xd4 ./gecko_sdk_3.2.3/platform/emlib/src/em_gpio.o
 .text.GPIO_ExtIntConfig
                0x000053d8      0x1b8 ./gecko_sdk_3.2.3/platform/emlib/src/em_gpio.o
                0x000053d8                GPIO_ExtIntConfig
 .text.GPIO_PinModeSet
                0x00005590      0x1a4 ./gecko_sdk_3.2.3/platform/emlib/src/em_gpio.o
                0x00005590                GPIO_PinModeSet
 .text.__NVIC_EnableIRQ
                0x00005734       0x34 ./gecko_sdk_3.2.3/platform/emlib/src/em_ldma.o
 .text.__NVIC_ClearPendingIRQ
                0x00005768       0x38 ./gecko_sdk_3.2.3/platform/emlib/src/em_ldma.o
 .text.__NVIC_SetPriority
                0x000057a0       0x50 ./gecko_sdk_3.2.3/platform/emlib/src/em_ldma.o
 .text.BUS_RegMaskedClear
                0x000057f0       0x1a ./gecko_sdk_3.2.3/platform/emlib/src/em_ldma.o
 *fill*         0x0000580a        0x2 
 .text.LDMA_Init
                0x0000580c       0xdc ./gecko_sdk_3.2.3/platform/emlib/src/em_ldma.o
                0x0000580c                LDMA_Init
 .text.LDMA_StartTransfer
                0x000058e8      0x23c ./gecko_sdk_3.2.3/platform/emlib/src/em_ldma.o
                0x000058e8                LDMA_StartTransfer
 .text.LDMA_StopTransfer
                0x00005b24       0x58 ./gecko_sdk_3.2.3/platform/emlib/src/em_ldma.o
                0x00005b24                LDMA_StopTransfer
 .text.PRS_SourceAsyncSignalSet
                0x00005b7c       0x28 ./gecko_sdk_3.2.3/platform/emlib/src/em_prs.o
                0x00005b7c                PRS_SourceAsyncSignalSet
 .text.PRS_ConnectSignal
                0x00005ba4       0x74 ./gecko_sdk_3.2.3/platform/emlib/src/em_prs.o
                0x00005ba4                PRS_ConnectSignal
 .text.BUS_RegBitWrite
                0x00005c18       0x40 ./gecko_sdk_3.2.3/platform/emlib/src/em_qspi.o
 .text.QSPI_WaitForIdle
                0x00005c58       0x16 ./gecko_sdk_3.2.3/platform/emlib/src/em_qspi.o
 .text.QSPI_Enable
                0x00005c6e       0x22 ./gecko_sdk_3.2.3/platform/emlib/src/em_qspi.o
 .text.QSPI_Init
                0x00005c90       0x58 ./gecko_sdk_3.2.3/platform/emlib/src/em_qspi.o
                0x00005c90                QSPI_Init
 .text.QSPI_ReadConfig
                0x00005ce8       0x58 ./gecko_sdk_3.2.3/platform/emlib/src/em_qspi.o
                0x00005ce8                QSPI_ReadConfig
 .text.QSPI_WriteConfig
                0x00005d40       0x60 ./gecko_sdk_3.2.3/platform/emlib/src/em_qspi.o
                0x00005d40                QSPI_WriteConfig
 .text.QSPI_ExecStigCmd
                0x00005da0      0x1e4 ./gecko_sdk_3.2.3/platform/emlib/src/em_qspi.o
                0x00005da0                QSPI_ExecStigCmd
 .text.TIMER_Valid
                0x00005f84       0x9c ./gecko_sdk_3.2.3/platform/emlib/src/em_timer.o
 .text.TIMER_Init
                0x00006020       0xf8 ./gecko_sdk_3.2.3/platform/emlib/src/em_timer.o
                0x00006020                TIMER_Init
 .text.VDAC_Channel0OutputSet
                0x00006118       0x2c ./gecko_sdk_3.2.3/platform/emlib/src/em_vdac.o
 .text.VDAC_Channel1OutputSet
                0x00006144       0x2c ./gecko_sdk_3.2.3/platform/emlib/src/em_vdac.o
 .text.VDAC_Enable
                0x00006170       0xa8 ./gecko_sdk_3.2.3/platform/emlib/src/em_vdac.o
                0x00006170                VDAC_Enable
 .text.VDAC_Init
                0x00006218      0x18c ./gecko_sdk_3.2.3/platform/emlib/src/em_vdac.o
                0x00006218                VDAC_Init
 .text.VDAC_InitChannel
                0x000063a4       0xcc ./gecko_sdk_3.2.3/platform/emlib/src/em_vdac.o
                0x000063a4                VDAC_InitChannel
 .text.VDAC_ChannelOutputSet
                0x00006470       0x44 ./gecko_sdk_3.2.3/platform/emlib/src/em_vdac.o
                0x00006470                VDAC_ChannelOutputSet
 .text.VDAC_PrescaleCalc
                0x000064b4       0x88 ./gecko_sdk_3.2.3/platform/emlib/src/em_vdac.o
                0x000064b4                VDAC_PrescaleCalc
 .text.sl_device_init_dcdc
                0x0000653c       0x24 ./gecko_sdk_3.2.3/platform/service/device_init/src/sl_device_init_dcdc_s1.o
                0x0000653c                sl_device_init_dcdc
 .text.sl_device_init_emu
                0x00006560       0x42 ./gecko_sdk_3.2.3/platform/service/device_init/src/sl_device_init_emu_s1.o
                0x00006560                sl_device_init_emu
 *fill*         0x000065a2        0x2 
 .text.sl_device_init_hfxo
                0x000065a4       0x90 ./gecko_sdk_3.2.3/platform/service/device_init/src/sl_device_init_hfxo_s1.o
                0x000065a4                sl_device_init_hfxo
 .text.sl_device_init_lfxo
                0x00006634       0x38 ./gecko_sdk_3.2.3/platform/service/device_init/src/sl_device_init_lfxo_s1.o
                0x00006634                sl_device_init_lfxo
 .text.__NVIC_SetPriority
                0x0000666c       0x50 ./gecko_sdk_3.2.3/platform/service/device_init/src/sl_device_init_nvic.o
 .text.sl_device_init_nvic
                0x000066bc       0x38 ./gecko_sdk_3.2.3/platform/service/device_init/src/sl_device_init_nvic.o
                0x000066bc                sl_device_init_nvic
 .text.sl_system_init
                0x000066f4       0x1a ./gecko_sdk_3.2.3/platform/service/system/src/sl_system_init.o
                0x000066f4                sl_system_init
 .text.sl_system_process_action
                0x0000670e       0x16 ./gecko_sdk_3.2.3/platform/service/system/src/sl_system_process_action.o
                0x0000670e                sl_system_process_action
 .text.exit     0x00006724       0x28 c:/siliconlabs/simplicitystudio/v5/developer/toolchains/gnu_arm/10.2_2020q4/bin/../lib/gcc/arm-none-eabi/10.2.1/../../../../arm-none-eabi/lib/thumb/v7e-m+fp/softfp\libc_nano.a(lib_a-exit.o)
                0x00006724                exit
 .text.__libc_init_array
                0x0000674c       0x48 c:/siliconlabs/simplicitystudio/v5/developer/toolchains/gnu_arm/10.2_2020q4/bin/../lib/gcc/arm-none-eabi/10.2.1/../../../../arm-none-eabi/lib/thumb/v7e-m+fp/softfp\libc_nano.a(lib_a-init.o)
                0x0000674c                __libc_init_array
 .text.memset   0x00006794       0x10 c:/siliconlabs/simplicitystudio/v5/developer/toolchains/gnu_arm/10.2_2020q4/bin/../lib/gcc/arm-none-eabi/10.2.1/../../../../arm-none-eabi/lib/thumb/v7e-m+fp/softfp\libc_nano.a(lib_a-memset.o)
                0x00006794                memset
 .text._exit    0x000067a4        0x4 c:/siliconlabs/simplicitystudio/v5/developer/toolchains/gnu_arm/10.2_2020q4/bin/../lib/gcc/arm-none-eabi/10.2.1/../../../../arm-none-eabi/lib/thumb/v7e-m+fp/softfp\libnosys.a(_exit.o)
                0x000067a4                _exit
                0x000067a8                linker_code_end = .
 *(.init)
 .init          0x000067a8        0x4 c:/siliconlabs/simplicitystudio/v5/developer/toolchains/gnu_arm/10.2_2020q4/bin/../lib/gcc/arm-none-eabi/10.2.1/thumb/v7e-m+fp/softfp/crti.o
                0x000067a8                _init
 .init          0x000067ac        0x8 c:/siliconlabs/simplicitystudio/v5/developer/toolchains/gnu_arm/10.2_2020q4/bin/../lib/gcc/arm-none-eabi/10.2.1/thumb/v7e-m+fp/softfp/crtn.o
 *(.fini)
 .fini          0x000067b4        0x4 c:/siliconlabs/simplicitystudio/v5/developer/toolchains/gnu_arm/10.2_2020q4/bin/../lib/gcc/arm-none-eabi/10.2.1/thumb/v7e-m+fp/softfp/crti.o
                0x000067b4                _fini
 .fini          0x000067b8        0x8 c:/siliconlabs/simplicitystudio/v5/developer/toolchains/gnu_arm/10.2_2020q4/bin/../lib/gcc/arm-none-eabi/10.2.1/thumb/v7e-m+fp/softfp/crtn.o
 *crtbegin.o(.ctors)
 *crtbegin?.o(.ctors)
 *(EXCLUDE_FILE(*crtend.o *crtend?.o) .ctors)
 *(SORT_BY_NAME(.ctors.*))
 *(.ctors)
 *crtbegin.o(.dtors)
 *crtbegin?.o(.dtors)
 *(EXCLUDE_FILE(*crtend.o *crtend?.o) .dtors)
 *(SORT_BY_NAME(.dtors.*))
 *(.dtors)
 *(.rodata*)
 .rodata        0x000067c0       0xd0 ./app.o
 .rodata.sl_app_properties
                0x00006890       0x40 ./app.o
                0x00006890                sl_app_properties
 .rodata        0x000068d0       0xac ./qspi_driver.o
 .rodata        0x0000697c       0xc7 ./gecko_sdk_3.2.3/platform/emlib/src/em_adc.o
 *fill*         0x00006a43        0x1 
 .rodata        0x00006a44      0x193 ./gecko_sdk_3.2.3/platform/emlib/src/em_cmu.o
 *fill*         0x00006bd7        0x1 
 .rodata.flashWsTable
                0x00006bd8       0x38 ./gecko_sdk_3.2.3/platform/emlib/src/em_cmu.o
 .rodata        0x00006c10       0xcb ./gecko_sdk_3.2.3/platform/emlib/src/em_emu.o
 *fill*         0x00006cdb        0x1 
 .rodata        0x00006cdc      0x12c ./gecko_sdk_3.2.3/platform/emlib/src/em_gpio.o
 .rodata        0x00006e08       0xc8 ./gecko_sdk_3.2.3/platform/emlib/src/em_ldma.o
 .rodata        0x00006ed0       0x63 ./gecko_sdk_3.2.3/platform/emlib/src/em_prs.o
 *fill*         0x00006f33        0x1 
 .rodata        0x00006f34       0xc8 ./gecko_sdk_3.2.3/platform/emlib/src/em_qspi.o
 .rodata        0x00006ffc       0xcd ./gecko_sdk_3.2.3/platform/emlib/src/em_timer.o
 *fill*         0x000070c9        0x3 
 .rodata        0x000070cc       0xc8 ./gecko_sdk_3.2.3/platform/emlib/src/em_vdac.o
 .rodata        0x00007194       0x10 ./gecko_sdk_3.2.3/platform/service/device_init/src/sl_device_init_dcdc_s1.o
 .rodata        0x000071a4        0xc ./gecko_sdk_3.2.3/platform/service/device_init/src/sl_device_init_hfxo_s1.o
 .rodata        0x000071b0        0x4 ./gecko_sdk_3.2.3/platform/service/device_init/src/sl_device_init_lfxo_s1.o
 .rodata._global_impure_ptr
                0x000071b4        0x4 c:/siliconlabs/simplicitystudio/v5/developer/toolchains/gnu_arm/10.2_2020q4/bin/../lib/gcc/arm-none-eabi/10.2.1/../../../../arm-none-eabi/lib/thumb/v7e-m+fp/softfp\libc_nano.a(lib_a-impure.o)
                0x000071b4                _global_impure_ptr
 .rodata.__sf_fake_stderr
                0x000071b8       0x20 c:/siliconlabs/simplicitystudio/v5/developer/toolchains/gnu_arm/10.2_2020q4/bin/../lib/gcc/arm-none-eabi/10.2.1/../../../../arm-none-eabi/lib/thumb/v7e-m+fp/softfp\libc_nano.a(lib_a-findfp.o)
                0x000071b8                __sf_fake_stderr
 .rodata.__sf_fake_stdin
                0x000071d8       0x20 c:/siliconlabs/simplicitystudio/v5/developer/toolchains/gnu_arm/10.2_2020q4/bin/../lib/gcc/arm-none-eabi/10.2.1/../../../../arm-none-eabi/lib/thumb/v7e-m+fp/softfp\libc_nano.a(lib_a-findfp.o)
                0x000071d8                __sf_fake_stdin
 .rodata.__sf_fake_stdout
                0x000071f8       0x20 c:/siliconlabs/simplicitystudio/v5/developer/toolchains/gnu_arm/10.2_2020q4/bin/../lib/gcc/arm-none-eabi/10.2.1/../../../../arm-none-eabi/lib/thumb/v7e-m+fp/softfp\libc_nano.a(lib_a-findfp.o)
                0x000071f8                __sf_fake_stdout
 *(.eh_frame*)
 .eh_frame      0x00007218        0x0 c:/siliconlabs/simplicitystudio/v5/developer/toolchains/gnu_arm/10.2_2020q4/bin/../lib/gcc/arm-none-eabi/10.2.1/thumb/v7e-m+fp/softfp/crtbegin.o

.glue_7         0x00007218        0x0
 .glue_7        0x00007218        0x0 linker stubs

.glue_7t        0x00007218        0x0
 .glue_7t       0x00007218        0x0 linker stubs

.vfp11_veneer   0x00007218        0x0
 .vfp11_veneer  0x00007218        0x0 linker stubs

.v4_bx          0x00007218        0x0
 .v4_bx         0x00007218        0x0 linker stubs

.iplt           0x00007218        0x0
 .iplt          0x00007218        0x0 c:/siliconlabs/simplicitystudio/v5/developer/toolchains/gnu_arm/10.2_2020q4/bin/../lib/gcc/arm-none-eabi/10.2.1/thumb/v7e-m+fp/softfp/crtbegin.o

.ARM.extab
 *(.ARM.extab* .gnu.linkonce.armextab.*)
                0x00007218                __exidx_start = .

.ARM.exidx      0x00007218        0x8
 *(.ARM.exidx* .gnu.linkonce.armexidx.*)
 .ARM.exidx     0x00007218        0x8 c:/siliconlabs/simplicitystudio/v5/developer/toolchains/gnu_arm/10.2_2020q4/bin/../lib/gcc/arm-none-eabi/10.2.1/../../../../arm-none-eabi/lib/thumb/v7e-m+fp/softfp/crt0.o
                                 0x10 (size before relaxing)
                0x00007220                __exidx_end = .
                0x00007220                __etext = .

.rel.dyn        0x00007220        0x0
 .rel.iplt      0x00007220        0x0 c:/siliconlabs/simplicitystudio/v5/developer/toolchains/gnu_arm/10.2_2020q4/bin/../lib/gcc/arm-none-eabi/10.2.1/thumb/v7e-m+fp/softfp/crtbegin.o
                0x20000000                . = ORIGIN (RAM)

.stack          0x20000000     0x1000
                0x20000000                __StackLimit = .
 *(.stack*)
 .stack         0x20000000        0x0 ./gecko_sdk_3.2.3/platform/Device/SiliconLabs/EFM32GG11B/Source/GCC/startup_efm32gg11b.o
 .stack         0x20000000     0x1000 ./gecko_sdk_3.2.3/platform/common/toolchain/src/sl_memory.o
                0x20001000                . = ALIGN (0x4)
                0x20001000                __StackTop = .
                0x20001000                PROVIDE (__stack = __StackTop)

.noinit
 *(.noinit*)

.data           0x20001000       0x88 load address 0x00007220
                0x20001000                . = ALIGN (0x4)
                0x20001000                __data_start__ = .
 *(vtable)
 *(.data*)
 .data.readAddress.0
                0x20001000        0x4 ./app.o
 .data.SystemHFXOClock
                0x20001004        0x4 ./gecko_sdk_3.2.3/platform/Device/SiliconLabs/EFM32GG11B/Source/system_efm32gg11b.o
 .data.SystemLFXOClock
                0x20001008        0x4 ./gecko_sdk_3.2.3/platform/Device/SiliconLabs/EFM32GG11B/Source/system_efm32gg11b.o
 .data.SystemCoreClock
                0x2000100c        0x4 ./gecko_sdk_3.2.3/platform/Device/SiliconLabs/EFM32GG11B/Source/system_efm32gg11b.o
                0x2000100c                SystemCoreClock
 .data.SystemHfrcoFreq
                0x20001010        0x4 ./gecko_sdk_3.2.3/platform/Device/SiliconLabs/EFM32GG11B/Source/system_efm32gg11b.o
                0x20001010                SystemHfrcoFreq
 .data.auxHfrcoFreq
                0x20001014        0x4 ./gecko_sdk_3.2.3/platform/emlib/src/em_cmu.o
 .data.ushfrcoFreq
                0x20001018        0x4 ./gecko_sdk_3.2.3/platform/emlib/src/em_cmu.o
 .data.lfxo_precision
                0x2000101c        0x2 ./gecko_sdk_3.2.3/platform/emlib/src/em_cmu.o
 *fill*         0x2000101e        0x2 
 .data.impure_data
                0x20001020       0x60 c:/siliconlabs/simplicitystudio/v5/developer/toolchains/gnu_arm/10.2_2020q4/bin/../lib/gcc/arm-none-eabi/10.2.1/../../../../arm-none-eabi/lib/thumb/v7e-m+fp/softfp\libc_nano.a(lib_a-impure.o)
                0x20001080                . = ALIGN (0x4)
                [!provide]                PROVIDE (__ram_func_section_start = .)
 *(.ram)
                [!provide]                PROVIDE (__ram_func_section_end = .)
                0x20001080                . = ALIGN (0x4)
                0x20001080                PROVIDE (__preinit_array_start = .)
 *(.preinit_array)
                0x20001080                PROVIDE (__preinit_array_end = .)
                0x20001080                . = ALIGN (0x4)
                0x20001080                PROVIDE (__init_array_start = .)
 *(SORT_BY_NAME(.init_array.*))
 *(.init_array)
 .init_array    0x20001080        0x4 c:/siliconlabs/simplicitystudio/v5/developer/toolchains/gnu_arm/10.2_2020q4/bin/../lib/gcc/arm-none-eabi/10.2.1/thumb/v7e-m+fp/softfp/crtbegin.o
                0x20001084                PROVIDE (__init_array_end = .)
                0x20001084                . = ALIGN (0x4)
                [!provide]                PROVIDE (__fini_array_start = .)
 *(SORT_BY_NAME(.fini_array.*))
 *(.fini_array)
 .fini_array    0x20001084        0x4 c:/siliconlabs/simplicitystudio/v5/developer/toolchains/gnu_arm/10.2_2020q4/bin/../lib/gcc/arm-none-eabi/10.2.1/thumb/v7e-m+fp/softfp/crtbegin.o
                [!provide]                PROVIDE (__fini_array_end = .)
                0x20001088                . = ALIGN (0x4)
                0x20001088                __data_end__ = .

.igot.plt       0x20001088        0x0 load address 0x000072a8
 .igot.plt      0x20001088        0x0 c:/siliconlabs/simplicitystudio/v5/developer/toolchains/gnu_arm/10.2_2020q4/bin/../lib/gcc/arm-none-eabi/10.2.1/thumb/v7e-m+fp/softfp/crtbegin.o

.bss            0x20001088      0x264 load address 0x000072a8
                0x20001088                . = ALIGN (0x4)
                0x20001088                __bss_start__ = .
 *(.bss*)
 .bss           0x20001088       0x1c c:/siliconlabs/simplicitystudio/v5/developer/toolchains/gnu_arm/10.2_2020q4/bin/../lib/gcc/arm-none-eabi/10.2.1/thumb/v7e-m+fp/softfp/crtbegin.o
 .bss.trans     0x200010a4       0x10 ./app.o
                0x200010a4                trans
 .bss.descr     0x200010b4       0x20 ./app.o
                0x200010b4                descr
 .bss.adcReadingPing
                0x200010d4      0x100 ./app.o
                0x200010d4                adcReadingPing
 .bss.adcReadingPong
                0x200011d4      0x100 ./app.o
                0x200011d4                adcReadingPong
 .bss.mode      0x200012d4        0x1 ./app.o
                0x200012d4                mode
 *fill*         0x200012d5        0x3 
 .bss.blocksWritten
                0x200012d8        0x4 ./app.o
                0x200012d8                blocksWritten
 .bss.msTicks   0x200012dc        0x4 ./delay.o
                0x200012dc                msTicks
 .bss.dcdcMaxCurrent_mA
                0x200012e0        0x2 ./gecko_sdk_3.2.3/platform/emlib/src/em_emu.o
 .bss.dcdcEm01LoadCurrent_mA
                0x200012e2        0x2 ./gecko_sdk_3.2.3/platform/emlib/src/em_emu.o
 .bss.dcdcReverseCurrentControl
                0x200012e4        0x2 ./gecko_sdk_3.2.3/platform/emlib/src/em_emu.o
 *fill*         0x200012e6        0x2 
 .bss.vScaleEM01Config
                0x200012e8        0x1 ./gecko_sdk_3.2.3/platform/emlib/src/em_emu.o
 *(COMMON)
                0x200012ec                . = ALIGN (0x4)
 *fill*         0x200012e9        0x3 
                0x200012ec                __bss_end__ = .

.heap           0x200012f0    0x7ed10
                0x200012f0                __HeapBase = .
                0x200012f0                __end__ = .
                0x200012f0                end = __end__
                0x200012f0                _end = __end__
 *(.heap*)
 .heap          0x200012f0      0x800 ./gecko_sdk_3.2.3/platform/common/toolchain/src/sl_memory.o
                0x20080000                . = (ORIGIN (RAM) + LENGTH (RAM))
 *fill*         0x20001af0    0x7e510 
                0x20080000                __HeapLimit = .
                0x0007ed10                __heap_size = (__HeapLimit - __HeapBase)
                0x00200000                __main_flash_end__ = 0x200000

.internal_storage
                0x00007220        0x0
 *(.internal_storage*)

.nvm            0x00007220        0x0
 *(.simee*)
                0x00200000                linker_nvm_end = __main_flash_end__
                0x00200000                linker_nvm_begin = (linker_nvm_end - SIZEOF (.nvm))
                0x00000000                linker_nvm_size = SIZEOF (.nvm)
                0x00200000                linker_storage_end = linker_nvm_begin
                0x00200000                linker_storage_begin = (linker_storage_end - SIZEOF (.internal_storage))
                0x00000000                linker_storage_size = SIZEOF (.internal_storage)
                0x00200000                __nvm3Base = linker_nvm_begin
OUTPUT(Recording_LDMA.axf elf32-littlearm)
LOAD linker stubs

.ARM.attributes
                0x00000000       0x2e
 .ARM.attributes
                0x00000000       0x1e c:/siliconlabs/simplicitystudio/v5/developer/toolchains/gnu_arm/10.2_2020q4/bin/../lib/gcc/arm-none-eabi/10.2.1/thumb/v7e-m+fp/softfp/crti.o
 .ARM.attributes
                0x0000001e       0x32 c:/siliconlabs/simplicitystudio/v5/developer/toolchains/gnu_arm/10.2_2020q4/bin/../lib/gcc/arm-none-eabi/10.2.1/thumb/v7e-m+fp/softfp/crtbegin.o
 .ARM.attributes
                0x00000050       0x1c c:/siliconlabs/simplicitystudio/v5/developer/toolchains/gnu_arm/10.2_2020q4/bin/../lib/gcc/arm-none-eabi/10.2.1/../../../../arm-none-eabi/lib/thumb/v7e-m+fp/softfp/crt0.o
 .ARM.attributes
                0x0000006c       0x32 ./app.o
 .ARM.attributes
                0x0000009e       0x32 ./delay.o
 .ARM.attributes
                0x000000d0       0x32 ./main.o
 .ARM.attributes
                0x00000102       0x32 ./qspi_driver.o
 .ARM.attributes
                0x00000134       0x32 ./autogen/sl_board_default_init.o
 .ARM.attributes
                0x00000166       0x32 ./autogen/sl_device_init_clocks.o
 .ARM.attributes
                0x00000198       0x32 ./autogen/sl_event_handler.o
 .ARM.attributes
                0x000001ca       0x32 ./gecko_sdk_3.2.3/hardware/board/src/sl_board_init.o
 .ARM.attributes
                0x000001fc       0x32 ./gecko_sdk_3.2.3/platform/Device/SiliconLabs/EFM32GG11B/Source/GCC/startup_efm32gg11b.o
 .ARM.attributes
                0x0000022e       0x32 ./gecko_sdk_3.2.3/platform/Device/SiliconLabs/EFM32GG11B/Source/system_efm32gg11b.o
 .ARM.attributes
                0x00000260       0x32 ./gecko_sdk_3.2.3/platform/common/toolchain/src/sl_memory.o
 .ARM.attributes
                0x00000292       0x32 ./gecko_sdk_3.2.3/platform/emlib/src/em_adc.o
 .ARM.attributes
                0x000002c4       0x32 ./gecko_sdk_3.2.3/platform/emlib/src/em_assert.o
 .ARM.attributes
                0x000002f6       0x32 ./gecko_sdk_3.2.3/platform/emlib/src/em_cmu.o
 .ARM.attributes
                0x00000328       0x32 ./gecko_sdk_3.2.3/platform/emlib/src/em_core.o
 .ARM.attributes
                0x0000035a       0x32 ./gecko_sdk_3.2.3/platform/emlib/src/em_emu.o
 .ARM.attributes
                0x0000038c       0x32 ./gecko_sdk_3.2.3/platform/emlib/src/em_gpio.o
 .ARM.attributes
                0x000003be       0x32 ./gecko_sdk_3.2.3/platform/emlib/src/em_ldma.o
 .ARM.attributes
                0x000003f0       0x32 ./gecko_sdk_3.2.3/platform/emlib/src/em_prs.o
 .ARM.attributes
                0x00000422       0x32 ./gecko_sdk_3.2.3/platform/emlib/src/em_qspi.o
 .ARM.attributes
                0x00000454       0x32 ./gecko_sdk_3.2.3/platform/emlib/src/em_timer.o
 .ARM.attributes
                0x00000486       0x32 ./gecko_sdk_3.2.3/platform/emlib/src/em_vdac.o
 .ARM.attributes
                0x000004b8       0x32 ./gecko_sdk_3.2.3/platform/service/device_init/src/sl_device_init_dcdc_s1.o
 .ARM.attributes
                0x000004ea       0x32 ./gecko_sdk_3.2.3/platform/service/device_init/src/sl_device_init_emu_s1.o
 .ARM.attributes
                0x0000051c       0x32 ./gecko_sdk_3.2.3/platform/service/device_init/src/sl_device_init_hfxo_s1.o
 .ARM.attributes
                0x0000054e       0x32 ./gecko_sdk_3.2.3/platform/service/device_init/src/sl_device_init_lfxo_s1.o
 .ARM.attributes
                0x00000580       0x32 ./gecko_sdk_3.2.3/platform/service/device_init/src/sl_device_init_nvic.o
 .ARM.attributes
                0x000005b2       0x32 ./gecko_sdk_3.2.3/platform/service/system/src/sl_system_init.o
 .ARM.attributes
                0x000005e4       0x32 ./gecko_sdk_3.2.3/platform/service/system/src/sl_system_process_action.o
 .ARM.attributes
                0x00000616       0x32 c:/siliconlabs/simplicitystudio/v5/developer/toolchains/gnu_arm/10.2_2020q4/bin/../lib/gcc/arm-none-eabi/10.2.1/../../../../arm-none-eabi/lib/thumb/v7e-m+fp/softfp\libc_nano.a(lib_a-exit.o)
 .ARM.attributes
                0x00000648       0x30 c:/siliconlabs/simplicitystudio/v5/developer/toolchains/gnu_arm/10.2_2020q4/bin/../lib/gcc/arm-none-eabi/10.2.1/../../../../arm-none-eabi/lib/thumb/v7e-m+fp/softfp\libc_nano.a(lib_a-impure.o)
 .ARM.attributes
                0x00000678       0x32 c:/siliconlabs/simplicitystudio/v5/developer/toolchains/gnu_arm/10.2_2020q4/bin/../lib/gcc/arm-none-eabi/10.2.1/../../../../arm-none-eabi/lib/thumb/v7e-m+fp/softfp\libc_nano.a(lib_a-init.o)
 .ARM.attributes
                0x000006aa       0x32 c:/siliconlabs/simplicitystudio/v5/developer/toolchains/gnu_arm/10.2_2020q4/bin/../lib/gcc/arm-none-eabi/10.2.1/../../../../arm-none-eabi/lib/thumb/v7e-m+fp/softfp\libc_nano.a(lib_a-memset.o)
 .ARM.attributes
                0x000006dc       0x32 c:/siliconlabs/simplicitystudio/v5/developer/toolchains/gnu_arm/10.2_2020q4/bin/../lib/gcc/arm-none-eabi/10.2.1/../../../../arm-none-eabi/lib/thumb/v7e-m+fp/softfp\libc_nano.a(lib_a-findfp.o)
 .ARM.attributes
                0x0000070e       0x32 c:/siliconlabs/simplicitystudio/v5/developer/toolchains/gnu_arm/10.2_2020q4/bin/../lib/gcc/arm-none-eabi/10.2.1/../../../../arm-none-eabi/lib/thumb/v7e-m+fp/softfp\libnosys.a(_exit.o)
 .ARM.attributes
                0x00000740       0x1e c:/siliconlabs/simplicitystudio/v5/developer/toolchains/gnu_arm/10.2_2020q4/bin/../lib/gcc/arm-none-eabi/10.2.1/thumb/v7e-m+fp/softfp/crtn.o

.comment        0x00000000       0x4d
 .comment       0x00000000       0x4d ./app.o
                                 0x4e (size before relaxing)
 .comment       0x0000004d       0x4e ./delay.o
 .comment       0x0000004d       0x4e ./main.o
 .comment       0x0000004d       0x4e ./qspi_driver.o
 .comment       0x0000004d       0x4e ./autogen/sl_board_default_init.o
 .comment       0x0000004d       0x4e ./autogen/sl_device_init_clocks.o
 .comment       0x0000004d       0x4e ./autogen/sl_event_handler.o
 .comment       0x0000004d       0x4e ./gecko_sdk_3.2.3/hardware/board/src/sl_board_init.o
 .comment       0x0000004d       0x4e ./gecko_sdk_3.2.3/platform/Device/SiliconLabs/EFM32GG11B/Source/GCC/startup_efm32gg11b.o
 .comment       0x0000004d       0x4e ./gecko_sdk_3.2.3/platform/Device/SiliconLabs/EFM32GG11B/Source/system_efm32gg11b.o
 .comment       0x0000004d       0x4e ./gecko_sdk_3.2.3/platform/common/toolchain/src/sl_memory.o
 .comment       0x0000004d       0x4e ./gecko_sdk_3.2.3/platform/emlib/src/em_adc.o
 .comment       0x0000004d       0x4e ./gecko_sdk_3.2.3/platform/emlib/src/em_assert.o
 .comment       0x0000004d       0x4e ./gecko_sdk_3.2.3/platform/emlib/src/em_cmu.o
 .comment       0x0000004d       0x4e ./gecko_sdk_3.2.3/platform/emlib/src/em_core.o
 .comment       0x0000004d       0x4e ./gecko_sdk_3.2.3/platform/emlib/src/em_emu.o
 .comment       0x0000004d       0x4e ./gecko_sdk_3.2.3/platform/emlib/src/em_gpio.o
 .comment       0x0000004d       0x4e ./gecko_sdk_3.2.3/platform/emlib/src/em_ldma.o
 .comment       0x0000004d       0x4e ./gecko_sdk_3.2.3/platform/emlib/src/em_prs.o
 .comment       0x0000004d       0x4e ./gecko_sdk_3.2.3/platform/emlib/src/em_qspi.o
 .comment       0x0000004d       0x4e ./gecko_sdk_3.2.3/platform/emlib/src/em_timer.o
 .comment       0x0000004d       0x4e ./gecko_sdk_3.2.3/platform/emlib/src/em_vdac.o
 .comment       0x0000004d       0x4e ./gecko_sdk_3.2.3/platform/service/device_init/src/sl_device_init_dcdc_s1.o
 .comment       0x0000004d       0x4e ./gecko_sdk_3.2.3/platform/service/device_init/src/sl_device_init_emu_s1.o
 .comment       0x0000004d       0x4e ./gecko_sdk_3.2.3/platform/service/device_init/src/sl_device_init_hfxo_s1.o
 .comment       0x0000004d       0x4e ./gecko_sdk_3.2.3/platform/service/device_init/src/sl_device_init_lfxo_s1.o
 .comment       0x0000004d       0x4e ./gecko_sdk_3.2.3/platform/service/device_init/src/sl_device_init_nvic.o
 .comment       0x0000004d       0x4e ./gecko_sdk_3.2.3/platform/service/system/src/sl_system_init.o
 .comment       0x0000004d       0x4e ./gecko_sdk_3.2.3/platform/service/system/src/sl_system_process_action.o

.debug_info     0x00000000    0x17147
 .debug_info    0x00000000     0x36ed ./app.o
 .debug_info    0x000036ed      0x5bc ./delay.o
 .debug_info    0x00003ca9       0x50 ./main.o
 .debug_info    0x00003cf9     0x206b ./qspi_driver.o
 .debug_info    0x00005d64       0x8a ./autogen/sl_board_default_init.o
 .debug_info    0x00005dee      0x3f5 ./autogen/sl_device_init_clocks.o
 .debug_info    0x000061e3      0x919 ./autogen/sl_event_handler.o
 .debug_info    0x00006afc      0x379 ./gecko_sdk_3.2.3/hardware/board/src/sl_board_init.o
 .debug_info    0x00006e75      0x214 ./gecko_sdk_3.2.3/platform/Device/SiliconLabs/EFM32GG11B/Source/GCC/startup_efm32gg11b.o
 .debug_info    0x00007089      0xa1f ./gecko_sdk_3.2.3/platform/Device/SiliconLabs/EFM32GG11B/Source/system_efm32gg11b.o
 .debug_info    0x00007aa8      0x1f8 ./gecko_sdk_3.2.3/platform/common/toolchain/src/sl_memory.o
 .debug_info    0x00007ca0     0x1fb4 ./gecko_sdk_3.2.3/platform/emlib/src/em_adc.o
 .debug_info    0x00009c54       0x81 ./gecko_sdk_3.2.3/platform/emlib/src/em_assert.o
 .debug_info    0x00009cd5     0x2d63 ./gecko_sdk_3.2.3/platform/emlib/src/em_cmu.o
 .debug_info    0x0000ca38      0xeaa ./gecko_sdk_3.2.3/platform/emlib/src/em_core.o
 .debug_info    0x0000d8e2     0x333a ./gecko_sdk_3.2.3/platform/emlib/src/em_emu.o
 .debug_info    0x00010c1c      0xb98 ./gecko_sdk_3.2.3/platform/emlib/src/em_gpio.o
 .debug_info    0x000117b4     0x1505 ./gecko_sdk_3.2.3/platform/emlib/src/em_ldma.o
 .debug_info    0x00012cb9      0xab2 ./gecko_sdk_3.2.3/platform/emlib/src/em_prs.o
 .debug_info    0x0001376b      0x87c ./gecko_sdk_3.2.3/platform/emlib/src/em_qspi.o
 .debug_info    0x00013fe7      0xa1b ./gecko_sdk_3.2.3/platform/emlib/src/em_timer.o
 .debug_info    0x00014a02     0x116d ./gecko_sdk_3.2.3/platform/emlib/src/em_vdac.o
 .debug_info    0x00015b6f      0x24e ./gecko_sdk_3.2.3/platform/service/device_init/src/sl_device_init_dcdc_s1.o
 .debug_info    0x00015dbd      0x1c0 ./gecko_sdk_3.2.3/platform/service/device_init/src/sl_device_init_emu_s1.o
 .debug_info    0x00015f7d      0x978 ./gecko_sdk_3.2.3/platform/service/device_init/src/sl_device_init_hfxo_s1.o
 .debug_info    0x000168f5      0x16a ./gecko_sdk_3.2.3/platform/service/device_init/src/sl_device_init_lfxo_s1.o
 .debug_info    0x00016a5f      0x65e ./gecko_sdk_3.2.3/platform/service/device_init/src/sl_device_init_nvic.o
 .debug_info    0x000170bd       0x45 ./gecko_sdk_3.2.3/platform/service/system/src/sl_system_init.o
 .debug_info    0x00017102       0x45 ./gecko_sdk_3.2.3/platform/service/system/src/sl_system_process_action.o

.debug_abbrev   0x00000000     0x2cd4
 .debug_abbrev  0x00000000      0x344 ./app.o
 .debug_abbrev  0x00000344      0x15e ./delay.o
 .debug_abbrev  0x000004a2       0x40 ./main.o
 .debug_abbrev  0x000004e2      0x3ad ./qspi_driver.o
 .debug_abbrev  0x0000088f       0x49 ./autogen/sl_board_default_init.o
 .debug_abbrev  0x000008d8       0x97 ./autogen/sl_device_init_clocks.o
 .debug_abbrev  0x0000096f       0xdb ./autogen/sl_event_handler.o
 .debug_abbrev  0x00000a4a       0x77 ./gecko_sdk_3.2.3/hardware/board/src/sl_board_init.o
 .debug_abbrev  0x00000ac1      0x137 ./gecko_sdk_3.2.3/platform/Device/SiliconLabs/EFM32GG11B/Source/GCC/startup_efm32gg11b.o
 .debug_abbrev  0x00000bf8      0x206 ./gecko_sdk_3.2.3/platform/Device/SiliconLabs/EFM32GG11B/Source/system_efm32gg11b.o
 .debug_abbrev  0x00000dfe      0x10a ./gecko_sdk_3.2.3/platform/common/toolchain/src/sl_memory.o
 .debug_abbrev  0x00000f08      0x268 ./gecko_sdk_3.2.3/platform/emlib/src/em_adc.o
 .debug_abbrev  0x00001170       0x6c ./gecko_sdk_3.2.3/platform/emlib/src/em_assert.o
 .debug_abbrev  0x000011dc      0x378 ./gecko_sdk_3.2.3/platform/emlib/src/em_cmu.o
 .debug_abbrev  0x00001554      0x2a0 ./gecko_sdk_3.2.3/platform/emlib/src/em_core.o
 .debug_abbrev  0x000017f4      0x37b ./gecko_sdk_3.2.3/platform/emlib/src/em_emu.o
 .debug_abbrev  0x00001b6f      0x20e ./gecko_sdk_3.2.3/platform/emlib/src/em_gpio.o
 .debug_abbrev  0x00001d7d      0x2d5 ./gecko_sdk_3.2.3/platform/emlib/src/em_ldma.o
 .debug_abbrev  0x00002052      0x1bc ./gecko_sdk_3.2.3/platform/emlib/src/em_prs.o
 .debug_abbrev  0x0000220e      0x1ae ./gecko_sdk_3.2.3/platform/emlib/src/em_qspi.o
 .debug_abbrev  0x000023bc      0x211 ./gecko_sdk_3.2.3/platform/emlib/src/em_timer.o
 .debug_abbrev  0x000025cd      0x214 ./gecko_sdk_3.2.3/platform/emlib/src/em_vdac.o
 .debug_abbrev  0x000027e1       0xc9 ./gecko_sdk_3.2.3/platform/service/device_init/src/sl_device_init_dcdc_s1.o
 .debug_abbrev  0x000028aa       0xc9 ./gecko_sdk_3.2.3/platform/service/device_init/src/sl_device_init_emu_s1.o
 .debug_abbrev  0x00002973      0x107 ./gecko_sdk_3.2.3/platform/service/device_init/src/sl_device_init_hfxo_s1.o
 .debug_abbrev  0x00002a7a       0xb6 ./gecko_sdk_3.2.3/platform/service/device_init/src/sl_device_init_lfxo_s1.o
 .debug_abbrev  0x00002b30      0x13e ./gecko_sdk_3.2.3/platform/service/device_init/src/sl_device_init_nvic.o
 .debug_abbrev  0x00002c6e       0x33 ./gecko_sdk_3.2.3/platform/service/system/src/sl_system_init.o
 .debug_abbrev  0x00002ca1       0x33 ./gecko_sdk_3.2.3/platform/service/system/src/sl_system_process_action.o

.debug_loc      0x00000000     0x39ac
 .debug_loc     0x00000000      0x459 ./app.o
 .debug_loc     0x00000459       0x64 ./delay.o
 .debug_loc     0x000004bd       0x20 ./main.o
 .debug_loc     0x000004dd      0x71e ./qspi_driver.o
 .debug_loc     0x00000bfb       0x20 ./autogen/sl_device_init_clocks.o
 .debug_loc     0x00000c1b       0x20 ./autogen/sl_event_handler.o
 .debug_loc     0x00000c3b       0x40 ./gecko_sdk_3.2.3/hardware/board/src/sl_board_init.o
 .debug_loc     0x00000c7b       0x2c ./gecko_sdk_3.2.3/platform/Device/SiliconLabs/EFM32GG11B/Source/GCC/startup_efm32gg11b.o
 .debug_loc     0x00000ca7       0xd4 ./gecko_sdk_3.2.3/platform/Device/SiliconLabs/EFM32GG11B/Source/system_efm32gg11b.o
 .debug_loc     0x00000d7b       0x84 ./gecko_sdk_3.2.3/platform/common/toolchain/src/sl_memory.o
 .debug_loc     0x00000dff      0x2b4 ./gecko_sdk_3.2.3/platform/emlib/src/em_adc.o
 .debug_loc     0x000010b3       0x20 ./gecko_sdk_3.2.3/platform/emlib/src/em_assert.o
 .debug_loc     0x000010d3      0xbec ./gecko_sdk_3.2.3/platform/emlib/src/em_cmu.o
 .debug_loc     0x00001cbf      0x490 ./gecko_sdk_3.2.3/platform/emlib/src/em_core.o
 .debug_loc     0x0000214f      0xaf5 ./gecko_sdk_3.2.3/platform/emlib/src/em_emu.o
 .debug_loc     0x00002c44      0x2e0 ./gecko_sdk_3.2.3/platform/emlib/src/em_gpio.o
 .debug_loc     0x00002f24      0x284 ./gecko_sdk_3.2.3/platform/emlib/src/em_ldma.o
 .debug_loc     0x000031a8      0x170 ./gecko_sdk_3.2.3/platform/emlib/src/em_prs.o
 .debug_loc     0x00003318      0x17c ./gecko_sdk_3.2.3/platform/emlib/src/em_qspi.o
 .debug_loc     0x00003494      0x1e0 ./gecko_sdk_3.2.3/platform/emlib/src/em_timer.o
 .debug_loc     0x00003674      0x1b4 ./gecko_sdk_3.2.3/platform/emlib/src/em_vdac.o
 .debug_loc     0x00003828       0x38 ./gecko_sdk_3.2.3/platform/service/device_init/src/sl_device_init_dcdc_s1.o
 .debug_loc     0x00003860       0x38 ./gecko_sdk_3.2.3/platform/service/device_init/src/sl_device_init_emu_s1.o
 .debug_loc     0x00003898       0x38 ./gecko_sdk_3.2.3/platform/service/device_init/src/sl_device_init_hfxo_s1.o
 .debug_loc     0x000038d0       0x38 ./gecko_sdk_3.2.3/platform/service/device_init/src/sl_device_init_lfxo_s1.o
 .debug_loc     0x00003908       0x64 ./gecko_sdk_3.2.3/platform/service/device_init/src/sl_device_init_nvic.o
 .debug_loc     0x0000396c       0x20 ./gecko_sdk_3.2.3/platform/service/system/src/sl_system_init.o
 .debug_loc     0x0000398c       0x20 ./gecko_sdk_3.2.3/platform/service/system/src/sl_system_process_action.o

.debug_aranges  0x00000000      0xd38
 .debug_aranges
                0x00000000       0xd0 ./app.o
 .debug_aranges
                0x000000d0       0x38 ./delay.o
 .debug_aranges
                0x00000108       0x20 ./main.o
 .debug_aranges
                0x00000128      0x128 ./qspi_driver.o
 .debug_aranges
                0x00000250       0x20 ./autogen/sl_board_default_init.o
 .debug_aranges
                0x00000270       0x20 ./autogen/sl_device_init_clocks.o
 .debug_aranges
                0x00000290       0x68 ./autogen/sl_event_handler.o
 .debug_aranges
                0x000002f8       0x28 ./gecko_sdk_3.2.3/hardware/board/src/sl_board_init.o
 .debug_aranges
                0x00000320       0x28 ./gecko_sdk_3.2.3/platform/Device/SiliconLabs/EFM32GG11B/Source/GCC/startup_efm32gg11b.o
 .debug_aranges
                0x00000348       0x68 ./gecko_sdk_3.2.3/platform/Device/SiliconLabs/EFM32GG11B/Source/system_efm32gg11b.o
 .debug_aranges
                0x000003b0       0x30 ./gecko_sdk_3.2.3/platform/common/toolchain/src/sl_memory.o
 .debug_aranges
                0x000003e0       0x80 ./gecko_sdk_3.2.3/platform/emlib/src/em_adc.o
 .debug_aranges
                0x00000460       0x20 ./gecko_sdk_3.2.3/platform/emlib/src/em_assert.o
 .debug_aranges
                0x00000480      0x228 ./gecko_sdk_3.2.3/platform/emlib/src/em_cmu.o
 .debug_aranges
                0x000006a8       0xe8 ./gecko_sdk_3.2.3/platform/emlib/src/em_core.o
 .debug_aranges
                0x00000790      0x260 ./gecko_sdk_3.2.3/platform/emlib/src/em_emu.o
 .debug_aranges
                0x000009f0       0x88 ./gecko_sdk_3.2.3/platform/emlib/src/em_gpio.o
 .debug_aranges
                0x00000a78       0x80 ./gecko_sdk_3.2.3/platform/emlib/src/em_ldma.o
 .debug_aranges
                0x00000af8       0x50 ./gecko_sdk_3.2.3/platform/emlib/src/em_prs.o
 .debug_aranges
                0x00000b48       0x50 ./gecko_sdk_3.2.3/platform/emlib/src/em_qspi.o
 .debug_aranges
                0x00000b98       0x60 ./gecko_sdk_3.2.3/platform/emlib/src/em_timer.o
 .debug_aranges
                0x00000bf8       0x58 ./gecko_sdk_3.2.3/platform/emlib/src/em_vdac.o
 .debug_aranges
                0x00000c50       0x20 ./gecko_sdk_3.2.3/platform/service/device_init/src/sl_device_init_dcdc_s1.o
 .debug_aranges
                0x00000c70       0x20 ./gecko_sdk_3.2.3/platform/service/device_init/src/sl_device_init_emu_s1.o
 .debug_aranges
                0x00000c90       0x20 ./gecko_sdk_3.2.3/platform/service/device_init/src/sl_device_init_hfxo_s1.o
 .debug_aranges
                0x00000cb0       0x20 ./gecko_sdk_3.2.3/platform/service/device_init/src/sl_device_init_lfxo_s1.o
 .debug_aranges
                0x00000cd0       0x28 ./gecko_sdk_3.2.3/platform/service/device_init/src/sl_device_init_nvic.o
 .debug_aranges
                0x00000cf8       0x20 ./gecko_sdk_3.2.3/platform/service/system/src/sl_system_init.o
 .debug_aranges
                0x00000d18       0x20 ./gecko_sdk_3.2.3/platform/service/system/src/sl_system_process_action.o

.debug_ranges   0x00000000      0xb68
 .debug_ranges  0x00000000       0xc0 ./app.o
 .debug_ranges  0x000000c0       0x28 ./delay.o
 .debug_ranges  0x000000e8       0x10 ./main.o
 .debug_ranges  0x000000f8      0x118 ./qspi_driver.o
 .debug_ranges  0x00000210       0x10 ./autogen/sl_board_default_init.o
 .debug_ranges  0x00000220       0x10 ./autogen/sl_device_init_clocks.o
 .debug_ranges  0x00000230       0x58 ./autogen/sl_event_handler.o
 .debug_ranges  0x00000288       0x18 ./gecko_sdk_3.2.3/hardware/board/src/sl_board_init.o
 .debug_ranges  0x000002a0       0x18 ./gecko_sdk_3.2.3/platform/Device/SiliconLabs/EFM32GG11B/Source/GCC/startup_efm32gg11b.o
 .debug_ranges  0x000002b8       0x58 ./gecko_sdk_3.2.3/platform/Device/SiliconLabs/EFM32GG11B/Source/system_efm32gg11b.o
 .debug_ranges  0x00000310       0x20 ./gecko_sdk_3.2.3/platform/common/toolchain/src/sl_memory.o
 .debug_ranges  0x00000330       0x70 ./gecko_sdk_3.2.3/platform/emlib/src/em_adc.o
 .debug_ranges  0x000003a0       0x10 ./gecko_sdk_3.2.3/platform/emlib/src/em_assert.o
 .debug_ranges  0x000003b0      0x218 ./gecko_sdk_3.2.3/platform/emlib/src/em_cmu.o
 .debug_ranges  0x000005c8       0xd8 ./gecko_sdk_3.2.3/platform/emlib/src/em_core.o
 .debug_ranges  0x000006a0      0x250 ./gecko_sdk_3.2.3/platform/emlib/src/em_emu.o
 .debug_ranges  0x000008f0       0x78 ./gecko_sdk_3.2.3/platform/emlib/src/em_gpio.o
 .debug_ranges  0x00000968       0x70 ./gecko_sdk_3.2.3/platform/emlib/src/em_ldma.o
 .debug_ranges  0x000009d8       0x40 ./gecko_sdk_3.2.3/platform/emlib/src/em_prs.o
 .debug_ranges  0x00000a18       0x40 ./gecko_sdk_3.2.3/platform/emlib/src/em_qspi.o
 .debug_ranges  0x00000a58       0x50 ./gecko_sdk_3.2.3/platform/emlib/src/em_timer.o
 .debug_ranges  0x00000aa8       0x48 ./gecko_sdk_3.2.3/platform/emlib/src/em_vdac.o
 .debug_ranges  0x00000af0       0x10 ./gecko_sdk_3.2.3/platform/service/device_init/src/sl_device_init_dcdc_s1.o
 .debug_ranges  0x00000b00       0x10 ./gecko_sdk_3.2.3/platform/service/device_init/src/sl_device_init_emu_s1.o
 .debug_ranges  0x00000b10       0x10 ./gecko_sdk_3.2.3/platform/service/device_init/src/sl_device_init_hfxo_s1.o
 .debug_ranges  0x00000b20       0x10 ./gecko_sdk_3.2.3/platform/service/device_init/src/sl_device_init_lfxo_s1.o
 .debug_ranges  0x00000b30       0x18 ./gecko_sdk_3.2.3/platform/service/device_init/src/sl_device_init_nvic.o
 .debug_ranges  0x00000b48       0x10 ./gecko_sdk_3.2.3/platform/service/system/src/sl_system_init.o
 .debug_ranges  0x00000b58       0x10 ./gecko_sdk_3.2.3/platform/service/system/src/sl_system_process_action.o

.debug_macro    0x00000000    0x4f5d3
 .debug_macro   0x00000000      0x594 ./app.o
 .debug_macro   0x00000594      0xa72 ./app.o
 .debug_macro   0x00001006       0x10 ./app.o
 .debug_macro   0x00001016      0x5c8 ./app.o
 .debug_macro   0x000015de       0x22 ./app.o
 .debug_macro   0x00001600       0x56 ./app.o
 .debug_macro   0x00001656       0x51 ./app.o
 .debug_macro   0x000016a7      0x103 ./app.o
 .debug_macro   0x000017aa       0x6a ./app.o
 .debug_macro   0x00001814      0x1df ./app.o
 .debug_macro   0x000019f3       0x1c ./app.o
 .debug_macro   0x00001a0f       0x22 ./app.o
 .debug_macro   0x00001a31       0xd9 ./app.o
 .debug_macro   0x00001b0a      0xff5 ./app.o
 .debug_macro   0x00002aff       0xe2 ./app.o
 .debug_macro   0x00002be1     0x12b5 ./app.o
 .debug_macro   0x00003e96     0x3006 ./app.o
 .debug_macro   0x00006e9c      0x34c ./app.o
 .debug_macro   0x000071e8     0x4214 ./app.o
 .debug_macro   0x0000b3fc     0x1b58 ./app.o
 .debug_macro   0x0000cf54     0x3243 ./app.o
 .debug_macro   0x00010197     0x2922 ./app.o
 .debug_macro   0x00012ab9     0x3445 ./app.o
 .debug_macro   0x00015efe     0x2f71 ./app.o
 .debug_macro   0x00018e6f     0x269d ./app.o
 .debug_macro   0x0001b50c     0x27d9 ./app.o
 .debug_macro   0x0001dce5     0x1181 ./app.o
 .debug_macro   0x0001ee66      0x344 ./app.o
 .debug_macro   0x0001f1aa      0x29d ./app.o
 .debug_macro   0x0001f447      0xda8 ./app.o
 .debug_macro   0x000201ef     0x2078 ./app.o
 .debug_macro   0x00022267     0x2c38 ./app.o
 .debug_macro   0x00024e9f     0x1850 ./app.o
 .debug_macro   0x000266ef     0x113b ./app.o
 .debug_macro   0x0002782a      0xd3a ./app.o
 .debug_macro   0x00028564      0x249 ./app.o
 .debug_macro   0x000287ad      0xf9a ./app.o
 .debug_macro   0x00029747     0x1365 ./app.o
 .debug_macro   0x0002aaac     0x3e07 ./app.o
 .debug_macro   0x0002e8b3     0x22ba ./app.o
 .debug_macro   0x00030b6d     0x2b5d ./app.o
 .debug_macro   0x000336ca     0x4a80 ./app.o
 .debug_macro   0x0003814a      0x7b4 ./app.o
 .debug_macro   0x000388fe     0x17a8 ./app.o
 .debug_macro   0x0003a0a6      0xca4 ./app.o
 .debug_macro   0x0003ad4a      0x1ea ./app.o
 .debug_macro   0x0003af34     0x109d ./app.o
 .debug_macro   0x0003bfd1      0x76b ./app.o
 .debug_macro   0x0003c73c     0x1021 ./app.o
 .debug_macro   0x0003d75d      0xd60 ./app.o
 .debug_macro   0x0003e4bd      0x4ff ./app.o
 .debug_macro   0x0003e9bc     0x26df ./app.o
 .debug_macro   0x0004109b       0x40 ./app.o
 .debug_macro   0x000410db      0x433 ./app.o
 .debug_macro   0x0004150e      0x556 ./app.o
 .debug_macro   0x00041a64      0x2bd ./app.o
 .debug_macro   0x00041d21     0x20a3 ./app.o
 .debug_macro   0x00043dc4     0x2c10 ./app.o
 .debug_macro   0x000469d4       0x35 ./app.o
 .debug_macro   0x00046a09      0x915 ./app.o
 .debug_macro   0x0004731e      0x915 ./app.o
 .debug_macro   0x00047c33       0x22 ./app.o
 .debug_macro   0x00047c55       0x10 ./app.o
 .debug_macro   0x00047c65       0x79 ./app.o
 .debug_macro   0x00047cde       0x77 ./app.o
 .debug_macro   0x00047d55       0x16 ./app.o
 .debug_macro   0x00047d6b       0x10 ./app.o
 .debug_macro   0x00047d7b       0xf6 ./app.o
 .debug_macro   0x00047e71       0xe4 ./app.o
 .debug_macro   0x00047f55      0x16d ./app.o
 .debug_macro   0x000480c2       0x28 ./app.o
 .debug_macro   0x000480ea      0x36f ./app.o
 .debug_macro   0x00048459       0x57 ./app.o
 .debug_macro   0x000484b0       0x1e ./app.o
 .debug_macro   0x000484ce       0xc0 ./app.o
 .debug_macro   0x0004858e       0x1e ./app.o
 .debug_macro   0x000485ac       0x8e ./app.o
 .debug_macro   0x0004863a       0x64 ./app.o
 .debug_macro   0x0004869e       0x18 ./app.o
 .debug_macro   0x000486b6       0x35 ./app.o
 .debug_macro   0x000486eb       0x34 ./app.o
 .debug_macro   0x0004871f       0x16 ./app.o
 .debug_macro   0x00048735       0x35 ./app.o
 .debug_macro   0x0004876a      0x356 ./app.o
 .debug_macro   0x00048ac0       0x10 ./app.o
 .debug_macro   0x00048ad0       0x16 ./app.o
 .debug_macro   0x00048ae6       0x43 ./app.o
 .debug_macro   0x00048b29       0x34 ./app.o
 .debug_macro   0x00048b5d       0x10 ./app.o
 .debug_macro   0x00048b6d       0x58 ./app.o
 .debug_macro   0x00048bc5      0x182 ./app.o
 .debug_macro   0x00048d47       0xbe ./app.o
 .debug_macro   0x00048e05       0x16 ./app.o
 .debug_macro   0x00048e1b      0x129 ./app.o
 .debug_macro   0x00048f44       0x16 ./app.o
 .debug_macro   0x00048f5a       0x9a ./app.o
 .debug_macro   0x00048ff4       0x10 ./app.o
 .debug_macro   0x00049004       0x8d ./app.o
 .debug_macro   0x00049091      0x352 ./delay.o
 .debug_macro   0x000493e3       0xea ./delay.o
 .debug_macro   0x000494cd       0x41 ./main.o
 .debug_macro   0x0004950e      0x51b ./qspi_driver.o
 .debug_macro   0x00049a29       0x97 ./qspi_driver.o
 .debug_macro   0x00049ac0       0xf6 ./qspi_driver.o
 .debug_macro   0x00049bb6       0x8e ./autogen/sl_board_default_init.o
 .debug_macro   0x00049c44      0x726 ./autogen/sl_board_default_init.o
 .debug_macro   0x0004a36a       0x16 ./autogen/sl_board_default_init.o
 .debug_macro   0x0004a380      0x361 ./autogen/sl_device_init_clocks.o
 .debug_macro   0x0004a6e1      0x3a8 ./autogen/sl_event_handler.o
 .debug_macro   0x0004aa89       0x71 ./autogen/sl_event_handler.o
 .debug_macro   0x0004aafa      0x72c ./autogen/sl_event_handler.o
 .debug_macro   0x0004b226      0x373 ./gecko_sdk_3.2.3/hardware/board/src/sl_board_init.o
 .debug_macro   0x0004b599      0x2f0 ./gecko_sdk_3.2.3/platform/Device/SiliconLabs/EFM32GG11B/Source/GCC/startup_efm32gg11b.o
 .debug_macro   0x0004b889      0x304 ./gecko_sdk_3.2.3/platform/Device/SiliconLabs/EFM32GG11B/Source/system_efm32gg11b.o
 .debug_macro   0x0004bb8d       0x92 ./gecko_sdk_3.2.3/platform/common/toolchain/src/sl_memory.o
 .debug_macro   0x0004bc1f       0x16 ./gecko_sdk_3.2.3/platform/common/toolchain/src/sl_memory.o
 .debug_macro   0x0004bc35      0x3eb ./gecko_sdk_3.2.3/platform/emlib/src/em_adc.o
 .debug_macro   0x0004c020       0x51 ./gecko_sdk_3.2.3/platform/emlib/src/em_adc.o
 .debug_macro   0x0004c071       0x2c ./gecko_sdk_3.2.3/platform/emlib/src/em_assert.o
 .debug_macro   0x0004c09d      0x458 ./gecko_sdk_3.2.3/platform/emlib/src/em_cmu.o
 .debug_macro   0x0004c4f5       0x7c ./gecko_sdk_3.2.3/platform/emlib/src/em_cmu.o
 .debug_macro   0x0004c571       0x17 ./gecko_sdk_3.2.3/platform/emlib/src/em_cmu.o
 .debug_macro   0x0004c588       0xee ./gecko_sdk_3.2.3/platform/emlib/src/em_cmu.o
 .debug_macro   0x0004c676      0x334 ./gecko_sdk_3.2.3/platform/emlib/src/em_core.o
 .debug_macro   0x0004c9aa      0x489 ./gecko_sdk_3.2.3/platform/emlib/src/em_emu.o
 .debug_macro   0x0004ce33       0x5e ./gecko_sdk_3.2.3/platform/emlib/src/em_emu.o
 .debug_macro   0x0004ce91       0x5c ./gecko_sdk_3.2.3/platform/emlib/src/em_emu.o
 .debug_macro   0x0004ceed       0x88 ./gecko_sdk_3.2.3/platform/emlib/src/em_emu.o
 .debug_macro   0x0004cf75       0x34 ./gecko_sdk_3.2.3/platform/emlib/src/em_emu.o
 .debug_macro   0x0004cfa9      0x341 ./gecko_sdk_3.2.3/platform/emlib/src/em_gpio.o
 .debug_macro   0x0004d2ea      0x36c ./gecko_sdk_3.2.3/platform/emlib/src/em_ldma.o
 .debug_macro   0x0004d656       0xba ./gecko_sdk_3.2.3/platform/emlib/src/em_ldma.o
 .debug_macro   0x0004d710      0x351 ./gecko_sdk_3.2.3/platform/emlib/src/em_prs.o
 .debug_macro   0x0004da61      0x33f ./gecko_sdk_3.2.3/platform/emlib/src/em_qspi.o
 .debug_macro   0x0004dda0       0x18 ./gecko_sdk_3.2.3/platform/emlib/src/em_qspi.o
 .debug_macro   0x0004ddb8      0x305 ./gecko_sdk_3.2.3/platform/emlib/src/em_timer.o
 .debug_macro   0x0004e0bd      0x369 ./gecko_sdk_3.2.3/platform/emlib/src/em_vdac.o
 .debug_macro   0x0004e426       0x18 ./gecko_sdk_3.2.3/platform/emlib/src/em_vdac.o
 .debug_macro   0x0004e43e      0x357 ./gecko_sdk_3.2.3/platform/service/device_init/src/sl_device_init_dcdc_s1.o
 .debug_macro   0x0004e795       0x16 ./gecko_sdk_3.2.3/platform/service/device_init/src/sl_device_init_dcdc_s1.o
 .debug_macro   0x0004e7ab      0x35d ./gecko_sdk_3.2.3/platform/service/device_init/src/sl_device_init_emu_s1.o
 .debug_macro   0x0004eb08       0x28 ./gecko_sdk_3.2.3/platform/service/device_init/src/sl_device_init_emu_s1.o
 .debug_macro   0x0004eb30      0x376 ./gecko_sdk_3.2.3/platform/service/device_init/src/sl_device_init_hfxo_s1.o
 .debug_macro   0x0004eea6       0x28 ./gecko_sdk_3.2.3/platform/service/device_init/src/sl_device_init_hfxo_s1.o
 .debug_macro   0x0004eece      0x36a ./gecko_sdk_3.2.3/platform/service/device_init/src/sl_device_init_lfxo_s1.o
 .debug_macro   0x0004f238       0x22 ./gecko_sdk_3.2.3/platform/service/device_init/src/sl_device_init_lfxo_s1.o
 .debug_macro   0x0004f25a      0x331 ./gecko_sdk_3.2.3/platform/service/device_init/src/sl_device_init_nvic.o
 .debug_macro   0x0004f58b       0x24 ./gecko_sdk_3.2.3/platform/service/system/src/sl_system_init.o
 .debug_macro   0x0004f5af       0x24 ./gecko_sdk_3.2.3/platform/service/system/src/sl_system_process_action.o

.debug_line     0x00000000    0x18342
 .debug_line    0x00000000     0x11b4 ./app.o
 .debug_line    0x000011b4      0xb90 ./delay.o
 .debug_line    0x00001d44      0x1d0 ./main.o
 .debug_line    0x00001f14     0x12ac ./qspi_driver.o
 .debug_line    0x000031c0      0x3c4 ./autogen/sl_board_default_init.o
 .debug_line    0x00003584      0xc1e ./autogen/sl_device_init_clocks.o
 .debug_line    0x000041a2      0xde7 ./autogen/sl_event_handler.o
 .debug_line    0x00004f89      0xc8f ./gecko_sdk_3.2.3/hardware/board/src/sl_board_init.o
 .debug_line    0x00005c18      0xa62 ./gecko_sdk_3.2.3/platform/Device/SiliconLabs/EFM32GG11B/Source/GCC/startup_efm32gg11b.o
 .debug_line    0x0000667a      0xb67 ./gecko_sdk_3.2.3/platform/Device/SiliconLabs/EFM32GG11B/Source/system_efm32gg11b.o
 .debug_line    0x000071e1      0x40f ./gecko_sdk_3.2.3/platform/common/toolchain/src/sl_memory.o
 .debug_line    0x000075f0     0x11ce ./gecko_sdk_3.2.3/platform/emlib/src/em_adc.o
 .debug_line    0x000087be      0x202 ./gecko_sdk_3.2.3/platform/emlib/src/em_assert.o
 .debug_line    0x000089c0     0x2885 ./gecko_sdk_3.2.3/platform/emlib/src/em_cmu.o
 .debug_line    0x0000b245     0x1127 ./gecko_sdk_3.2.3/platform/emlib/src/em_core.o
 .debug_line    0x0000c36c     0x2546 ./gecko_sdk_3.2.3/platform/emlib/src/em_emu.o
 .debug_line    0x0000e8b2     0x1076 ./gecko_sdk_3.2.3/platform/emlib/src/em_gpio.o
 .debug_line    0x0000f928      0xf61 ./gecko_sdk_3.2.3/platform/emlib/src/em_ldma.o
 .debug_line    0x00010889      0xcc3 ./gecko_sdk_3.2.3/platform/emlib/src/em_prs.o
 .debug_line    0x0001154c      0xe16 ./gecko_sdk_3.2.3/platform/emlib/src/em_qspi.o
 .debug_line    0x00012362      0xf96 ./gecko_sdk_3.2.3/platform/emlib/src/em_timer.o
 .debug_line    0x000132f8      0xeb2 ./gecko_sdk_3.2.3/platform/emlib/src/em_vdac.o
 .debug_line    0x000141aa      0xc78 ./gecko_sdk_3.2.3/platform/service/device_init/src/sl_device_init_dcdc_s1.o
 .debug_line    0x00014e22      0xc85 ./gecko_sdk_3.2.3/platform/service/device_init/src/sl_device_init_emu_s1.o
 .debug_line    0x00015aa7      0xcd1 ./gecko_sdk_3.2.3/platform/service/device_init/src/sl_device_init_hfxo_s1.o
 .debug_line    0x00016778      0xca2 ./gecko_sdk_3.2.3/platform/service/device_init/src/sl_device_init_lfxo_s1.o
 .debug_line    0x0001741a      0xc0f ./gecko_sdk_3.2.3/platform/service/device_init/src/sl_device_init_nvic.o
 .debug_line    0x00018029      0x188 ./gecko_sdk_3.2.3/platform/service/system/src/sl_system_init.o
 .debug_line    0x000181b1      0x191 ./gecko_sdk_3.2.3/platform/service/system/src/sl_system_process_action.o

.debug_str      0x00000000   0x1f5cc0
 .debug_str     0x00000000   0x1ea46f ./app.o
                             0x1eb7d1 (size before relaxing)
 .debug_str     0x001ea46f       0xd1 ./delay.o
                             0x1dfcaa (size before relaxing)
 .debug_str     0x001ea540       0x44 ./main.o
                               0x2de6 (size before relaxing)
 .debug_str     0x001ea584      0x8ce ./qspi_driver.o
                             0x1e749e (size before relaxing)
 .debug_str     0x001eae52     0x3ce6 ./autogen/sl_board_default_init.o
                               0x78aa (size before relaxing)
 .debug_str     0x001eeb38      0x160 ./autogen/sl_device_init_clocks.o
                             0x1e390f (size before relaxing)
 .debug_str     0x001eec98      0x4dc ./autogen/sl_event_handler.o
                             0x1e299c (size before relaxing)
 .debug_str     0x001ef174      0x386 ./gecko_sdk_3.2.3/hardware/board/src/sl_board_init.o
                             0x1e3bb6 (size before relaxing)
 .debug_str     0x001ef4fa      0x131 ./gecko_sdk_3.2.3/platform/Device/SiliconLabs/EFM32GG11B/Source/GCC/startup_efm32gg11b.o
                             0x1dd633 (size before relaxing)
 .debug_str     0x001ef62b      0x24c ./gecko_sdk_3.2.3/platform/Device/SiliconLabs/EFM32GG11B/Source/system_efm32gg11b.o
                             0x1ddaa7 (size before relaxing)
 .debug_str     0x001ef877      0x159 ./gecko_sdk_3.2.3/platform/common/toolchain/src/sl_memory.o
                               0x4042 (size before relaxing)
 .debug_str     0x001ef9d0      0xc20 ./gecko_sdk_3.2.3/platform/emlib/src/em_adc.o
                             0x1e3108 (size before relaxing)
 .debug_str     0x001f05f0       0x75 ./gecko_sdk_3.2.3/platform/emlib/src/em_assert.o
                               0x2e51 (size before relaxing)
 .debug_str     0x001f0665     0x160d ./gecko_sdk_3.2.3/platform/emlib/src/em_cmu.o
                             0x1e39c5 (size before relaxing)
 .debug_str     0x001f1c72      0x390 ./gecko_sdk_3.2.3/platform/emlib/src/em_core.o
                             0x1de863 (size before relaxing)
 .debug_str     0x001f2002     0x187e ./gecko_sdk_3.2.3/platform/emlib/src/em_emu.o
                             0x1e4319 (size before relaxing)
 .debug_str     0x001f3880      0x24c ./gecko_sdk_3.2.3/platform/emlib/src/em_gpio.o
                             0x1df009 (size before relaxing)
 .debug_str     0x001f3acc      0x130 ./gecko_sdk_3.2.3/platform/emlib/src/em_ldma.o
                             0x1e351a (size before relaxing)
 .debug_str     0x001f3bfc     0x1259 ./gecko_sdk_3.2.3/platform/emlib/src/em_prs.o
                             0x1dfe79 (size before relaxing)
 .debug_str     0x001f4e55       0xb3 ./gecko_sdk_3.2.3/platform/emlib/src/em_qspi.o
                             0x1de65a (size before relaxing)
 .debug_str     0x001f4f08      0x4c3 ./gecko_sdk_3.2.3/platform/emlib/src/em_timer.o
                             0x1de0a5 (size before relaxing)
 .debug_str     0x001f53cb      0x183 ./gecko_sdk_3.2.3/platform/emlib/src/em_vdac.o
                             0x1e05ef (size before relaxing)
 .debug_str     0x001f554e       0xed ./gecko_sdk_3.2.3/platform/service/device_init/src/sl_device_init_dcdc_s1.o
                             0x1e23b4 (size before relaxing)
 .debug_str     0x001f563b      0x1cc ./gecko_sdk_3.2.3/platform/service/device_init/src/sl_device_init_emu_s1.o
                             0x1e23ad (size before relaxing)
 .debug_str     0x001f5807      0x1b5 ./gecko_sdk_3.2.3/platform/service/device_init/src/sl_device_init_hfxo_s1.o
                             0x1e3a94 (size before relaxing)
 .debug_str     0x001f59bc      0x158 ./gecko_sdk_3.2.3/platform/service/device_init/src/sl_device_init_lfxo_s1.o
                             0x1e350e (size before relaxing)
 .debug_str     0x001f5b14       0x92 ./gecko_sdk_3.2.3/platform/service/device_init/src/sl_device_init_nvic.o
                             0x1e215d (size before relaxing)
 .debug_str     0x001f5ba6       0x83 ./gecko_sdk_3.2.3/platform/service/system/src/sl_system_init.o
                               0x2dd0 (size before relaxing)
 .debug_str     0x001f5c29       0x97 ./gecko_sdk_3.2.3/platform/service/system/src/sl_system_process_action.o
                               0x2de4 (size before relaxing)

.debug_frame    0x00000000     0x24ec
 .debug_frame   0x00000000      0x260 ./app.o
 .debug_frame   0x00000260       0x68 ./delay.o
 .debug_frame   0x000002c8       0x28 ./main.o
 .debug_frame   0x000002f0      0x3b0 ./qspi_driver.o
 .debug_frame   0x000006a0       0x20 ./autogen/sl_board_default_init.o
 .debug_frame   0x000006c0       0x28 ./autogen/sl_device_init_clocks.o
 .debug_frame   0x000006e8       0xb8 ./autogen/sl_event_handler.o
 .debug_frame   0x000007a0       0x40 ./gecko_sdk_3.2.3/hardware/board/src/sl_board_init.o
 .debug_frame   0x000007e0       0x38 ./gecko_sdk_3.2.3/platform/Device/SiliconLabs/EFM32GG11B/Source/GCC/startup_efm32gg11b.o
 .debug_frame   0x00000818       0xdc ./gecko_sdk_3.2.3/platform/Device/SiliconLabs/EFM32GG11B/Source/system_efm32gg11b.o
 .debug_frame   0x000008f4       0x58 ./gecko_sdk_3.2.3/platform/common/toolchain/src/sl_memory.o
 .debug_frame   0x0000094c      0x174 ./gecko_sdk_3.2.3/platform/emlib/src/em_adc.o
 .debug_frame   0x00000ac0       0x24 ./gecko_sdk_3.2.3/platform/emlib/src/em_assert.o
 .debug_frame   0x00000ae4      0x6cc ./gecko_sdk_3.2.3/platform/emlib/src/em_cmu.o
 .debug_frame   0x000011b0      0x2a0 ./gecko_sdk_3.2.3/platform/emlib/src/em_core.o
 .debug_frame   0x00001450      0x6f8 ./gecko_sdk_3.2.3/platform/emlib/src/em_emu.o
 .debug_frame   0x00001b48      0x188 ./gecko_sdk_3.2.3/platform/emlib/src/em_gpio.o
 .debug_frame   0x00001cd0      0x168 ./gecko_sdk_3.2.3/platform/emlib/src/em_ldma.o
 .debug_frame   0x00001e38       0xcc ./gecko_sdk_3.2.3/platform/emlib/src/em_prs.o
 .debug_frame   0x00001f04       0xd0 ./gecko_sdk_3.2.3/platform/emlib/src/em_qspi.o
 .debug_frame   0x00001fd4      0x104 ./gecko_sdk_3.2.3/platform/emlib/src/em_timer.o
 .debug_frame   0x000020d8       0xec ./gecko_sdk_3.2.3/platform/emlib/src/em_vdac.o
 .debug_frame   0x000021c4       0x30 ./gecko_sdk_3.2.3/platform/service/device_init/src/sl_device_init_dcdc_s1.o
 .debug_frame   0x000021f4       0x2c ./gecko_sdk_3.2.3/platform/service/device_init/src/sl_device_init_emu_s1.o
 .debug_frame   0x00002220       0x2c ./gecko_sdk_3.2.3/platform/service/device_init/src/sl_device_init_hfxo_s1.o
 .debug_frame   0x0000224c       0x2c ./gecko_sdk_3.2.3/platform/service/device_init/src/sl_device_init_lfxo_s1.o
 .debug_frame   0x00002278       0x44 ./gecko_sdk_3.2.3/platform/service/device_init/src/sl_device_init_nvic.o
 .debug_frame   0x000022bc       0x28 ./gecko_sdk_3.2.3/platform/service/system/src/sl_system_init.o
 .debug_frame   0x000022e4       0x28 ./gecko_sdk_3.2.3/platform/service/system/src/sl_system_process_action.o
 .debug_frame   0x0000230c       0x28 c:/siliconlabs/simplicitystudio/v5/developer/toolchains/gnu_arm/10.2_2020q4/bin/../lib/gcc/arm-none-eabi/10.2.1/../../../../arm-none-eabi/lib/thumb/v7e-m+fp/softfp\libc_nano.a(lib_a-exit.o)
 .debug_frame   0x00002334       0x2c c:/siliconlabs/simplicitystudio/v5/developer/toolchains/gnu_arm/10.2_2020q4/bin/../lib/gcc/arm-none-eabi/10.2.1/../../../../arm-none-eabi/lib/thumb/v7e-m+fp/softfp\libc_nano.a(lib_a-init.o)
 .debug_frame   0x00002360       0x20 c:/siliconlabs/simplicitystudio/v5/developer/toolchains/gnu_arm/10.2_2020q4/bin/../lib/gcc/arm-none-eabi/10.2.1/../../../../arm-none-eabi/lib/thumb/v7e-m+fp/softfp\libc_nano.a(lib_a-memset.o)
 .debug_frame   0x00002380      0x14c c:/siliconlabs/simplicitystudio/v5/developer/toolchains/gnu_arm/10.2_2020q4/bin/../lib/gcc/arm-none-eabi/10.2.1/../../../../arm-none-eabi/lib/thumb/v7e-m+fp/softfp\libc_nano.a(lib_a-findfp.o)
 .debug_frame   0x000024cc       0x20 c:/siliconlabs/simplicitystudio/v5/developer/toolchains/gnu_arm/10.2_2020q4/bin/../lib/gcc/arm-none-eabi/10.2.1/../../../../arm-none-eabi/lib/thumb/v7e-m+fp/softfp\libnosys.a(_exit.o)

.stabstr        0x00000000      0x14d
 .stabstr       0x00000000      0x14d c:/siliconlabs/simplicitystudio/v5/developer/toolchains/gnu_arm/10.2_2020q4/bin/../lib/gcc/arm-none-eabi/10.2.1/../../../../arm-none-eabi/lib/thumb/v7e-m+fp/softfp\libnosys.a(close.o)
